Component: Arm Compiler for Embedded 6.18 Tool: armlink [5e4cc100]

==============================================================================

Section Cross References

    main.o(.text.main) refers to cache.o(.text.init_cache) for init_cache
    main.o(.text.main) refers to main.o(.rodata.str1.1) for .L.str
    main.o(.text.main) refers to simulation.o(.text.debug_line_out) for debug_line_out
    main.o(.text.main) refers to main.o(.text.run_simulation) for run_simulation
    main.o(.text.main) refers to cache.o(.text.get_cache_result) for get_cache_result
    main.o(.text.main) refers to simulation.o(.text.print_results) for print_results
    main.o(.ARM.exidx.text.main) refers to main.o(.text.main) for [Anonymous Symbol]
    main.o(.text.run_simulation) refers to arrays.o(.text.a_equals_b_plus_c) for a_equals_b_plus_c
    main.o(.ARM.exidx.text.run_simulation) refers to main.o(.text.run_simulation) for [Anonymous Symbol]
    arrays.o(.text.a_equals_b_plus_c) refers to arrays.o(.text.read_b) for read_b
    arrays.o(.text.a_equals_b_plus_c) refers to arrays.o(.text.read_c) for read_c
    arrays.o(.text.a_equals_b_plus_c) refers to arrays.o(.text.write_a) for write_a
    arrays.o(.ARM.exidx.text.a_equals_b_plus_c) refers to arrays.o(.text.a_equals_b_plus_c) for [Anonymous Symbol]
    arrays.o(.text.read_b) refers to arrays.o(.text.get_item_address) for get_item_address
    arrays.o(.text.read_b) refers to cache.o(.text.access_cache) for access_cache
    arrays.o(.text.read_b) refers to arrays.o(.text.display_result) for display_result
    arrays.o(.ARM.exidx.text.read_b) refers to arrays.o(.text.read_b) for [Anonymous Symbol]
    arrays.o(.text.read_c) refers to arrays.o(.text.get_item_address) for get_item_address
    arrays.o(.text.read_c) refers to cache.o(.text.access_cache) for access_cache
    arrays.o(.text.read_c) refers to arrays.o(.text.display_result) for display_result
    arrays.o(.ARM.exidx.text.read_c) refers to arrays.o(.text.read_c) for [Anonymous Symbol]
    arrays.o(.text.write_a) refers to arrays.o(.text.get_item_address) for get_item_address
    arrays.o(.text.write_a) refers to cache.o(.text.access_cache) for access_cache
    arrays.o(.text.write_a) refers to arrays.o(.text.display_result) for display_result
    arrays.o(.ARM.exidx.text.write_a) refers to arrays.o(.text.write_a) for [Anonymous Symbol]
    arrays.o(.text.get_item_address) refers to arrays.o(.rodata.str1.1) for .L.str.4
    arrays.o(.text.get_item_address) refers to sprintf.o(.text) for sprintf
    arrays.o(.text.get_item_address) refers to simulation.o(.text.debug_line_out) for debug_line_out
    arrays.o(.ARM.exidx.text.get_item_address) refers to arrays.o(.text.get_item_address) for [Anonymous Symbol]
    arrays.o(.text.display_result) refers to simulation.o(.text.button2_pressed) for button2_pressed
    arrays.o(.text.display_result) refers to simulation.o(.text.button1_pressed) for button1_pressed
    arrays.o(.text.display_result) refers to arrays.o(.rodata.str1.1) for .L.str
    arrays.o(.text.display_result) refers to sprintf.o(.text) for sprintf
    arrays.o(.text.display_result) refers to strcat.o(.text) for strcat
    arrays.o(.text.display_result) refers to simulation.o(.text.debug_line_out) for debug_line_out
    arrays.o(.text.display_result) refers to simulation.o(.text.delay) for delay
    arrays.o(.ARM.exidx.text.display_result) refers to arrays.o(.text.display_result) for [Anonymous Symbol]
    cache.o(.text.init_cache) refers to cache.o(.bss.block_lines) for block_lines
    cache.o(.text.init_cache) refers to cache.o(.bss.hit_miss) for hit_miss
    cache.o(.ARM.exidx.text.init_cache) refers to cache.o(.text.init_cache) for [Anonymous Symbol]
    cache.o(.text.access_cache) refers to cache.o(.bss.block_lines) for block_lines
    cache.o(.text.access_cache) refers to cache.o(.bss.hit_miss) for hit_miss
    cache.o(.ARM.exidx.text.access_cache) refers to cache.o(.text.access_cache) for [Anonymous Symbol]
    cache.o(.text.get_cache_result) refers to cache.o(.bss.hit_miss) for hit_miss
    cache.o(.ARM.exidx.text.get_cache_result) refers to cache.o(.text.get_cache_result) for [Anonymous Symbol]
    simulation.o(.text.print_results) refers to simulation.o(.rodata.str1.1) for .L.str
    simulation.o(.text.print_results) refers to sprintf.o(.text) for sprintf
    simulation.o(.text.print_results) refers to simulation.o(.text.debug_line_out) for debug_line_out
    simulation.o(.ARM.exidx.text.print_results) refers to simulation.o(.text.print_results) for [Anonymous Symbol]
    simulation.o(.text.debug_line_out) refers to hal_ct_lcd.o(.text.hal_ct_lcd_clear) for hal_ct_lcd_clear
    simulation.o(.text.debug_line_out) refers to hal_ct_lcd.o(.text.hal_ct_lcd_color) for hal_ct_lcd_color
    simulation.o(.text.debug_line_out) refers to hal_ct_lcd.o(.text.hal_ct_lcd_write) for hal_ct_lcd_write
    simulation.o(.ARM.exidx.text.debug_line_out) refers to simulation.o(.text.debug_line_out) for [Anonymous Symbol]
[...]
    ../clib/printf.c                         0x00000000   Number         0  __printf_flags_ss_wp.o ABSOLUTE
    ../clib/printf.c                         0x00000000   Number         0  _printf_intcommon.o ABSOLUTE
    ../clib/printf.c                         0x00000000   Number         0  _printf_fp_dec.o ABSOLUTE
    ../clib/printf.c                         0x00000000   Number         0  _printf_fp_dec_accurate.o ABSOLUTE
    ../clib/printf.c                         0x00000000   Number         0  _printf_fp_hex.o ABSOLUTE
    ../clib/printf.c                         0x00000000   Number         0  __printf_nopercent.o ABSOLUTE
    ../clib/printf.c                         0x00000000   Number         0  _printf_char.o ABSOLUTE
    ../clib/printf.c                         0x00000000   Number         0  _printf_wchar.o ABSOLUTE
    ../clib/printf.c                         0x00000000   Number         0  _printf_fp_infnan.o ABSOLUTE
    ../clib/printf_percent.s                 0x00000000   Number         0  _printf_c.o ABSOLUTE
    ../clib/printf_percent.s                 0x00000000   Number         0  _printf_s.o ABSOLUTE
    ../clib/printf_percent.s                 0x00000000   Number         0  _printf_n.o ABSOLUTE
    ../clib/printf_percent.s                 0x00000000   Number         0  _printf_x.o ABSOLUTE
    ../clib/printf_percent.s                 0x00000000   Number         0  _printf_p.o ABSOLUTE
    ../clib/printf_percent.s                 0x00000000   Number         0  _printf_o.o ABSOLUTE
    ../clib/printf_percent.s                 0x00000000   Number         0  _printf_i.o ABSOLUTE
    ../clib/printf_percent.s                 0x00000000   Number         0  _printf_d.o ABSOLUTE
    ../clib/printf_percent.s                 0x00000000   Number         0  _printf_u.o ABSOLUTE
    ../clib/printf_percent.s                 0x00000000   Number         0  _printf_f.o ABSOLUTE
    ../clib/printf_percent.s                 0x00000000   Number         0  _printf_e.o ABSOLUTE
    ../clib/printf_percent.s                 0x00000000   Number         0  _printf_g.o ABSOLUTE
    ../clib/printf_percent.s                 0x00000000   Number         0  _printf_a.o ABSOLUTE
    ../clib/printf_percent.s                 0x00000000   Number         0  _printf_percent.o ABSOLUTE
    ../clib/printf_percent.s                 0x00000000   Number         0  _printf_lli.o ABSOLUTE
    ../clib/printf_percent.s                 0x00000000   Number         0  _printf_lld.o ABSOLUTE
    ../clib/printf_percent.s                 0x00000000   Number         0  _printf_llu.o ABSOLUTE
    ../clib/printf_percent.s                 0x00000000   Number         0  _printf_ll.o ABSOLUTE
    ../clib/printf_percent.s                 0x00000000   Number         0  _printf_l.o ABSOLUTE
    ../clib/printf_percent.s                 0x00000000   Number         0  _printf_lc.o ABSOLUTE
    ../clib/printf_percent.s                 0x00000000   Number         0  _printf_ls.o ABSOLUTE
    ../clib/printf_percent.s                 0x00000000   Number         0  _printf_llo.o ABSOLUTE
    ../clib/printf_percent.s                 0x00000000   Number         0  _printf_llx.o ABSOLUTE
    ../clib/printf_percent.s                 0x00000000   Number         0  _printf_percent_end.o ABSOLUTE
    ../clib/signal.c                         0x00000000   Number         0  defsig_rtmem_outer.o ABSOLUTE
    ../clib/signal.c                         0x00000000   Number         0  defsig_rtmem_formal.o ABSOLUTE
    ../clib/signal.c                         0x00000000   Number         0  defsig_exit.o ABSOLUTE
    ../clib/signal.c                         0x00000000   Number         0  defsig_rtmem_inner.o ABSOLUTE
    ../clib/signal.c                         0x00000000   Number         0  __raise.o ABSOLUTE
    ../clib/signal.c                         0x00000000   Number         0  defsig_general.o ABSOLUTE
    ../clib/signal.c                         0x00000000   Number         0  defsig_abrt_inner.o ABSOLUTE
    ../clib/signal.c                         0x00000000   Number         0  defsig_fpe_inner.o ABSOLUTE
    ../clib/signal.c                         0x00000000   Number         0  defsig_rtred_inner.o ABSOLUTE
    ../clib/signal.c                         0x00000000   Number         0  defsig_stak_inner.o ABSOLUTE
    ../clib/signal.c                         0x00000000   Number         0  defsig_pvfn_inner.o ABSOLUTE
    ../clib/signal.c                         0x00000000   Number         0  defsig_cppl_inner.o ABSOLUTE
    ../clib/signal.c                         0x00000000   Number         0  defsig_segv_inner.o ABSOLUTE
    ../clib/signal.c                         0x00000000   Number         0  defsig_other.o ABSOLUTE
    ../clib/signal.s                         0x00000000   Number         0  defsig.o ABSOLUTE
    ../clib/stdlib.c                         0x00000000   Number         0  exit.o ABSOLUTE
    ../clib/string.c                         0x00000000   Number         0  strcat.o ABSOLUTE
    ../fplib/fpinit.s                        0x00000000   Number         0  fpinit.o ABSOLUTE
    ../fplib/istatus.s                       0x00000000   Number         0  istatus.o ABSOLUTE
    ../fplib/printf1.s                       0x00000000   Number         0  printf1.o ABSOLUTE
    ../fplib/printf2.s                       0x00000000   Number         0  printf2.o ABSOLUTE
    ../fplib/printf2a.s                      0x00000000   Number         0  printf2a.o ABSOLUTE
    ../fplib/printf2b.s                      0x00000000   Number         0  printf2b.o ABSOLUTE
    ../fplib/usenofp.s                       0x00000000   Number         0  usenofp.o ABSOLUTE
    ../mathlib/fpclassify.c                  0x00000000   Number         0  fpclassify.o ABSOLUTE
    RTE/Device/CT_Board_HS14_M4/datainit_ctboard.s 0x00000000   Number         0  datainit_ctboard.o ABSOLUTE
    RTE/Device/CT_Board_HS14_M4/startup_ctboard.s 0x00000000   Number         0  startup_ctboard.o ABSOLUTE
    arrays.c                                 0x00000000   Number         0  arrays.o ABSOLUTE
    cache.c                                  0x00000000   Number         0  cache.o ABSOLUTE
    dc.s                                     0x00000000   Number         0  dc.o ABSOLUTE
    hal_ct_lcd.c                             0x00000000   Number         0  hal_ct_lcd.o ABSOLUTE
    hal_ct_seg7.c                            0x00000000   Number         0  hal_ct_seg7.o ABSOLUTE
    hal_fmc.c                                0x00000000   Number         0  hal_fmc.o ABSOLUTE
    hal_gpio.c                               0x00000000   Number         0  hal_gpio.o ABSOLUTE
    hal_pwr.c                                0x00000000   Number         0  hal_pwr.o ABSOLUTE
    hal_rcc.c                                0x00000000   Number         0  hal_rcc.o ABSOLUTE
    hal_timer.c                              0x00000000   Number         0  hal_timer.o ABSOLUTE
    main.c                                   0x00000000   Number         0  main.o ABSOLUTE
    simulation.c                             0x00000000   Number         0  simulation.o ABSOLUTE
    system_ctboard.c                         0x00000000   Number         0  system_ctboard.o ABSOLUTE
    RESET                                    0x08000000   Section      428  startup_ctboard.o(RESET)
    !!!scatter                               0x080001ac   Section       52  __scatter.o(!!!scatter)
    !!handler_copy                           0x080001e0   Section       26  __scatter_copy.o(!!handler_copy)
    !!handler_zi                             0x080001fc   Section       28  __scatter_zi.o(!!handler_zi)
    .ARM.Collect$$_printf_percent$$00000000  0x08000218   Section        0  _printf_percent.o(.ARM.Collect$$_printf_percent$$00000000)
    .ARM.Collect$$_printf_percent$$00000001  0x08000218   Section        6  _printf_n.o(.ARM.Collect$$_printf_percent$$00000001)
    .ARM.Collect$$_printf_percent$$00000002  0x0800021e   Section        6  _printf_p.o(.ARM.Collect$$_printf_percent$$00000002)
    .ARM.Collect$$_printf_percent$$00000003  0x08000224   Section        6  _printf_f.o(.ARM.Collect$$_printf_percent$$00000003)
    .ARM.Collect$$_printf_percent$$00000004  0x0800022a   Section        6  _printf_e.o(.ARM.Collect$$_printf_percent$$00000004)
    .ARM.Collect$$_printf_percent$$00000005  0x08000230   Section        6  _printf_g.o(.ARM.Collect$$_printf_percent$$00000005)
    .ARM.Collect$$_printf_percent$$00000006  0x08000236   Section        6  _printf_a.o(.ARM.Collect$$_printf_percent$$00000006)
    .ARM.Collect$$_printf_percent$$00000007  0x0800023c   Section       10  _printf_ll.o(.ARM.Collect$$_printf_percent$$00000007)
    .ARM.Collect$$_printf_percent$$00000008  0x08000246   Section        6  _printf_i.o(.ARM.Collect$$_printf_percent$$00000008)
    .ARM.Collect$$_printf_percent$$00000009  0x0800024c   Section        6  _printf_d.o(.ARM.Collect$$_printf_percent$$00000009)
    .ARM.Collect$$_printf_percent$$0000000A  0x08000252   Section        6  _printf_u.o(.ARM.Collect$$_printf_percent$$0000000A)
    .ARM.Collect$$_printf_percent$$0000000B  0x08000258   Section        6  _printf_o.o(.ARM.Collect$$_printf_percent$$0000000B)
    .ARM.Collect$$_printf_percent$$0000000C  0x0800025e   Section        6  _printf_x.o(.ARM.Collect$$_printf_percent$$0000000C)
    .ARM.Collect$$_printf_percent$$0000000D  0x08000264   Section        6  _printf_lli.o(.ARM.Collect$$_printf_percent$$0000000D)
    .ARM.Collect$$_printf_percent$$0000000E  0x0800026a   Section        6  _printf_lld.o(.ARM.Collect$$_printf_percent$$0000000E)
    .ARM.Collect$$_printf_percent$$0000000F  0x08000270   Section        6  _printf_llu.o(.ARM.Collect$$_printf_percent$$0000000F)
    .ARM.Collect$$_printf_percent$$00000010  0x08000276   Section        6  _printf_llo.o(.ARM.Collect$$_printf_percent$$00000010)
    .ARM.Collect$$_printf_percent$$00000011  0x0800027c   Section        6  _printf_llx.o(.ARM.Collect$$_printf_percent$$00000011)
    .ARM.Collect$$_printf_percent$$00000012  0x08000282   Section       10  _printf_l.o(.ARM.Collect$$_printf_percent$$00000012)
    .ARM.Collect$$_printf_percent$$00000013  0x0800028c   Section        6  _printf_c.o(.ARM.Collect$$_printf_percent$$00000013)
    .ARM.Collect$$_printf_percent$$00000014  0x08000292   Section        6  _printf_s.o(.ARM.Collect$$_printf_percent$$00000014)
    .ARM.Collect$$_printf_percent$$00000015  0x08000298   Section        6  _printf_lc.o(.ARM.Collect$$_printf_percent$$00000015)
    .ARM.Collect$$_printf_percent$$00000016  0x0800029e   Section        6  _printf_ls.o(.ARM.Collect$$_printf_percent$$00000016)
    .ARM.Collect$$_printf_percent$$00000017  0x080002a4   Section        4  _printf_percent_end.o(.ARM.Collect$$_printf_percent$$00000017)
    .ARM.Collect$$libinit$$00000000          0x080002a8   Section        2  libinit.o(.ARM.Collect$$libinit$$00000000)
    .ARM.Collect$$libinit$$00000001          0x080002aa   Section        4  libinit2.o(.ARM.Collect$$libinit$$00000001)
    .ARM.Collect$$libinit$$00000004          0x080002ae   Section        0  libinit2.o(.ARM.Collect$$libinit$$00000004)
    .ARM.Collect$$libinit$$00000006          0x080002ae   Section        0  libinit2.o(.ARM.Collect$$libinit$$00000006)
    .ARM.Collect$$libinit$$0000000C          0x080002ae   Section        0  libinit2.o(.ARM.Collect$$libinit$$0000000C)
    .ARM.Collect$$libinit$$0000000E          0x080002ae   Section        0  libinit2.o(.ARM.Collect$$libinit$$0000000E)
    .ARM.Collect$$libinit$$00000010          0x080002ae   Section        0  libinit2.o(.ARM.Collect$$libinit$$00000010)
    .ARM.Collect$$libinit$$00000011          0x080002ae   Section        6  libinit2.o(.ARM.Collect$$libinit$$00000011)
    .ARM.Collect$$libinit$$00000013          0x080002b4   Section        0  libinit2.o(.ARM.Collect$$libinit$$00000013)
    .ARM.Collect$$libinit$$00000014          0x080002b4   Section       12  libinit2.o(.ARM.Collect$$libinit$$00000014)
    .ARM.Collect$$libinit$$00000015          0x080002c0   Section        0  libinit2.o(.ARM.Collect$$libinit$$00000015)
    .ARM.Collect$$libinit$$00000017          0x080002c0   Section        0  libinit2.o(.ARM.Collect$$libinit$$00000017)
    .ARM.Collect$$libinit$$00000018          0x080002c0   Section       10  libinit2.o(.ARM.Collect$$libinit$$00000018)
    .ARM.Collect$$libinit$$00000019          0x080002ca   Section        0  libinit2.o(.ARM.Collect$$libinit$$00000019)
    .ARM.Collect$$libinit$$0000001B          0x080002ca   Section        0  libinit2.o(.ARM.Collect$$libinit$$0000001B)
    .ARM.Collect$$libinit$$0000001D          0x080002ca   Section        0  libinit2.o(.ARM.Collect$$libinit$$0000001D)
    .ARM.Collect$$libinit$$0000001F          0x080002ca   Section        0  libinit2.o(.ARM.Collect$$libinit$$0000001F)
    .ARM.Collect$$libinit$$00000021          0x080002ca   Section        0  libinit2.o(.ARM.Collect$$libinit$$00000021)
    .ARM.Collect$$libinit$$00000023          0x080002ca   Section        0  libinit2.o(.ARM.Collect$$libinit$$00000023)
    .ARM.Collect$$libinit$$00000025          0x080002ca   Section        0  libinit2.o(.ARM.Collect$$libinit$$00000025)
    .ARM.Collect$$libinit$$00000027          0x080002ca   Section        0  libinit2.o(.ARM.Collect$$libinit$$00000027)
    .ARM.Collect$$libinit$$0000002E          0x080002ca   Section        0  libinit2.o(.ARM.Collect$$libinit$$0000002E)
    .ARM.Collect$$libinit$$00000030          0x080002ca   Section        0  libinit2.o(.ARM.Collect$$libinit$$00000030)
    .ARM.Collect$$libinit$$00000032          0x080002ca   Section        0  libinit2.o(.ARM.Collect$$libinit$$00000032)
    .ARM.Collect$$libinit$$00000034          0x080002ca   Section        0  libinit2.o(.ARM.Collect$$libinit$$00000034)
    .ARM.Collect$$libinit$$00000035          0x080002ca   Section        2  libinit2.o(.ARM.Collect$$libinit$$00000035)
    .ARM.Collect$$libshutdown$$00000000      0x080002cc   Section        2  libshutdown.o(.ARM.Collect$$libshutdown$$00000000)
    .ARM.Collect$$libshutdown$$00000002      0x080002ce   Section        0  libshutdown2.o(.ARM.Collect$$libshutdown$$00000002)
    .ARM.Collect$$libshutdown$$00000004      0x080002ce   Section        0  libshutdown2.o(.ARM.Collect$$libshutdown$$00000004)
    .ARM.Collect$$libshutdown$$00000007      0x080002ce   Section        0  libshutdown2.o(.ARM.Collect$$libshutdown$$00000007)
    .ARM.Collect$$libshutdown$$0000000A      0x080002ce   Section        0  libshutdown2.o(.ARM.Collect$$libshutdown$$0000000A)
    .ARM.Collect$$libshutdown$$0000000C      0x080002ce   Section        0  libshutdown2.o(.ARM.Collect$$libshutdown$$0000000C)
    .ARM.Collect$$libshutdown$$0000000F      0x080002ce   Section        0  libshutdown2.o(.ARM.Collect$$libshutdown$$0000000F)
    .ARM.Collect$$libshutdown$$00000010      0x080002ce   Section        2  libshutdown2.o(.ARM.Collect$$libshutdown$$00000010)
    .ARM.Collect$$rtentry$$00000000          0x080002d0   Section        0  __rtentry.o(.ARM.Collect$$rtentry$$00000000)
    .ARM.Collect$$rtentry$$00000002          0x080002d0   Section        0  __rtentry2.o(.ARM.Collect$$rtentry$$00000002)
    .ARM.Collect$$rtentry$$00000004          0x080002d0   Section        6  __rtentry4.o(.ARM.Collect$$rtentry$$00000004)
    .ARM.Collect$$rtentry$$00000009          0x080002d6   Section        0  __rtentry2.o(.ARM.Collect$$rtentry$$00000009)
    .ARM.Collect$$rtentry$$0000000A          0x080002d6   Section        4  __rtentry2.o(.ARM.Collect$$rtentry$$0000000A)
    .ARM.Collect$$rtentry$$0000000C          0x080002da   Section        0  __rtentry2.o(.ARM.Collect$$rtentry$$0000000C)
    .ARM.Collect$$rtentry$$0000000D          0x080002da   Section        8  __rtentry2.o(.ARM.Collect$$rtentry$$0000000D)
    .ARM.Collect$$rtexit$$00000000           0x080002e2   Section        2  rtexit.o(.ARM.Collect$$rtexit$$00000000)
    .ARM.Collect$$rtexit$$00000002           0x080002e4   Section        0  rtexit2.o(.ARM.Collect$$rtexit$$00000002)
    .ARM.Collect$$rtexit$$00000003           0x080002e4   Section        4  rtexit2.o(.ARM.Collect$$rtexit$$00000003)
    .ARM.Collect$$rtexit$$00000004           0x080002e8   Section        6  rtexit2.o(.ARM.Collect$$rtexit$$00000004)
    $v0                                      0x080002f0   Number         0  datainit_ctboard.o(.text)
    .text                                    0x080002f0   Section       40  datainit_ctboard.o(.text)
    $v0                                      0x08000318   Number         0  startup_ctboard.o(.text)
    .text                                    0x08000318   Section       36  startup_ctboard.o(.text)
    .text                                    0x0800033c   Section        0  sprintf.o(.text)
    .text                                    0x08000368   Section        0  strcat.o(.text)
    .text                                    0x08000380   Section        0  _printf_pad.o(.text)
    .text                                    0x080003ce   Section        0  _printf_truncate.o(.text)
    .text                                    0x080003f2   Section        0  _printf_str.o(.text)
    .text                                    0x08000444   Section        0  _printf_dec.o(.text)
    .text                                    0x080004bc   Section        0  _printf_charcount.o(.text)
    _printf_input_char                       0x080004e5   Thumb Code    10  _printf_char_common.o(.text)
    .text                                    0x080004e4   Section        0  _printf_char_common.o(.text)
    .text                                    0x08000514   Section        0  _sputc.o(.text)
    .text                                    0x08000520   Section        0  _printf_wctomb.o(.text)
    .text                                    0x080005dc   Section        0  _printf_longlong_dec.o(.text)
    _printf_longlong_oct_internal            0x08000659   Thumb Code     0  _printf_oct_int_ll.o(.text)
    .text                                    0x08000658   Section        0  _printf_oct_int_ll.o(.text)
    _printf_hex_common                       0x080006c9   Thumb Code     0  _printf_hex_int_ll_ptr.o(.text)
    .text                                    0x080006c8   Section        0  _printf_hex_int_ll_ptr.o(.text)
    .text                                    0x0800075c   Section        0  __printf_flags_ss_wp.o(.text)
    .text                                    0x080008e4   Section      138  lludiv10.o(.text)
    .text                                    0x0800096e   Section        0  _printf_intcommon.o(.text)
    _fp_digits                               0x08000a21   Thumb Code   432  _printf_fp_dec.o(.text)
    .text                                    0x08000a20   Section        0  _printf_fp_dec.o(.text)
    .text                                    0x08000e3c   Section        0  _printf_fp_hex.o(.text)
    .text                                    0x08001138   Section        0  _printf_char.o(.text)
    .text                                    0x08001164   Section        0  _printf_wchar.o(.text)
    .text                                    0x08001190   Section        0  _c16rtomb.o(.text)
    .text                                    0x080011d8   Section       16  rt_ctype_table.o(.text)
    .text                                    0x080011e8   Section        8  rt_locale.o(.text)
    .text                                    0x080011f0   Section        0  _printf_fp_infnan.o(.text)
    .text                                    0x08001270   Section        0  bigflt0.o(.text)
    .text                                    0x08001354   Section        0  exit.o(.text)
    .text                                    0x08001368   Section      124  strcmpv7em.o(.text)
    .text                                    0x080013e4   Section        0  sys_exit.o(.text)
    .text                                    0x080013f0   Section        2  use_no_semi.o(.text)
    .text                                    0x080013f2   Section        0  indicate_semi.o(.text)
    [Anonymous Symbol]                       0x080013f4   Section        0  system_ctboard.o(.text.__system)
    [Anonymous Symbol]                       0x080013fc   Section        0  arrays.o(.text.a_equals_b_plus_c)
    [Anonymous Symbol]                       0x08001430   Section        0  cache.o(.text.access_cache)
    [Anonymous Symbol]                       0x080014bc   Section        0  simulation.o(.text.button1_pressed)
    [Anonymous Symbol]                       0x080014cc   Section        0  simulation.o(.text.button2_pressed)
    create_pattern_mask                      0x080014dd   Thumb Code   160  hal_gpio.o(.text.create_pattern_mask)
    [Anonymous Symbol]                       0x080014dc   Section        0  hal_gpio.o(.text.create_pattern_mask)
    [Anonymous Symbol]                       0x0800157c   Section        0  simulation.o(.text.debug_line_out)
    [Anonymous Symbol]                       0x080015f0   Section        0  simulation.o(.text.delay)
    [Anonymous Symbol]                       0x08001614   Section        0  arrays.o(.text.display_result)
    [Anonymous Symbol]                       0x080016d4   Section        0  cache.o(.text.get_cache_result)
    [Anonymous Symbol]                       0x080016e0   Section        0  arrays.o(.text.get_item_address)
    [Anonymous Symbol]                       0x08001770   Section        0  hal_ct_lcd.o(.text.hal_ct_lcd_clear)
    [Anonymous Symbol]                       0x08001790   Section        0  hal_ct_lcd.o(.text.hal_ct_lcd_color)
    [Anonymous Symbol]                       0x080017ec   Section        0  hal_ct_lcd.o(.text.hal_ct_lcd_write)
    [Anonymous Symbol]                       0x0800184c   Section        0  hal_fmc.o(.text.hal_fmc_init_sram)
    [Anonymous Symbol]                       0x08001a9c   Section        0  hal_gpio.o(.text.hal_gpio_init_alternate)
    [Anonymous Symbol]                       0x08001b60   Section        0  hal_gpio.o(.text.hal_gpio_init_output)
    [Anonymous Symbol]                       0x08001c3c   Section        0  hal_pwr.o(.text.hal_pwr_set_overdrive)
    [Anonymous Symbol]                       0x08001c48   Section        0  hal_rcc.o(.text.hal_rcc_reset)
    [Anonymous Symbol]                       0x08001da0   Section        0  hal_rcc.o(.text.hal_rcc_set_osc)
    [Anonymous Symbol]                       0x08001ec0   Section        0  hal_rcc.o(.text.hal_rcc_setup_clock)
    [Anonymous Symbol]                       0x08001f68   Section        0  hal_rcc.o(.text.hal_rcc_setup_pll)
    init_FMC_SRAM                            0x080020dd   Thumb Code   432  system_ctboard.o(.text.init_FMC_SRAM)
    [Anonymous Symbol]                       0x080020dc   Section        0  system_ctboard.o(.text.init_FMC_SRAM)
    init_FPU                                 0x0800228d   Thumb Code    18  system_ctboard.o(.text.init_FPU)
    [Anonymous Symbol]                       0x0800228c   Section        0  system_ctboard.o(.text.init_FPU)
    init_LCD                                 0x080022a1   Thumb Code    30  system_ctboard.o(.text.init_LCD)
    [Anonymous Symbol]                       0x080022a0   Section        0  system_ctboard.o(.text.init_LCD)
    init_SystemClock                         0x080022c1   Thumb Code   204  system_ctboard.o(.text.init_SystemClock)
    [Anonymous Symbol]                       0x080022c0   Section        0  system_ctboard.o(.text.init_SystemClock)
    [Anonymous Symbol]                       0x0800238c   Section        0  cache.o(.text.init_cache)
    intercept_overwrite_register             0x080023c9   Thumb Code    60  hal_gpio.o(.text.intercept_overwrite_register)
    [Anonymous Symbol]                       0x080023c8   Section        0  hal_gpio.o(.text.intercept_overwrite_register)
    [Anonymous Symbol]                       0x08002404   Section        0  main.o(.text.main)
    [Anonymous Symbol]                       0x08002430   Section        0  simulation.o(.text.print_results)
    [Anonymous Symbol]                       0x08002458   Section        0  arrays.o(.text.read_b)
    [Anonymous Symbol]                       0x08002494   Section        0  arrays.o(.text.read_c)
    run_simulation                           0x080024cd   Thumb Code    84  main.o(.text.run_simulation)
    [Anonymous Symbol]                       0x080024cc   Section        0  main.o(.text.run_simulation)
    [Anonymous Symbol]                       0x08002520   Section        0  system_ctboard.o(.text.system_enter_run)
    [Anonymous Symbol]                       0x08002534   Section        0  arrays.o(.text.write_a)
    CL$$btod_d2e                             0x0800256e   Section       62  btod.o(CL$$btod_d2e)
    CL$$btod_d2e_denorm_low                  0x080025ac   Section       70  btod.o(CL$$btod_d2e_denorm_low)
    CL$$btod_d2e_norm_op1                    0x080025f2   Section       96  btod.o(CL$$btod_d2e_norm_op1)
    CL$$btod_div_common                      0x08002654   Section      824  btod.o(CL$$btod_div_common)
    CL$$btod_e2e                             0x0800298c   Section      220  btod.o(CL$$btod_e2e)
    CL$$btod_ediv                            0x08002a68   Section       42  btod.o(CL$$btod_ediv)
    CL$$btod_emul                            0x08002a92   Section       42  btod.o(CL$$btod_emul)
    CL$$btod_mult_common                     0x08002abc   Section      580  btod.o(CL$$btod_mult_common)
    i.__ARM_fpclassify                       0x08002d00   Section        0  fpclassify.o(i.__ARM_fpclassify)
    i._is_digit                              0x08002d30   Section        0  __printf_wp.o(i._is_digit)
    locale$$code                             0x08002d40   Section       44  lc_numeric_c.o(locale$$code)
    locale$$code                             0x08002d6c   Section       44  lc_ctype_c.o(locale$$code)
    $v0                                      0x08002d98   Number         0  fpinit.o(x$fpl$fpinit)
    x$fpl$fpinit                             0x08002d98   Section       26  fpinit.o(x$fpl$fpinit)
    $v0                                      0x08002db2   Number         0  printf1.o(x$fpl$printf1)
    x$fpl$printf1                            0x08002db2   Section        4  printf1.o(x$fpl$printf1)
    $v0                                      0x08002db6   Number         0  printf2.o(x$fpl$printf2)
    x$fpl$printf2                            0x08002db6   Section        4  printf2.o(x$fpl$printf2)
    x$fpl$usenofp                            0x08002dba   Section        0  usenofp.o(x$fpl$usenofp)
    initial_mbstate                          0x08002dbc   Data           8  _printf_wctomb.o(.constdata)
    .constdata                               0x08002dbc   Section        8  _printf_wctomb.o(.constdata)
    uc_hextab                                0x08002dc4   Data          20  _printf_hex_int_ll_ptr.o(.constdata)
    .constdata                               0x08002dc4   Section       40  _printf_hex_int_ll_ptr.o(.constdata)
    lc_hextab                                0x08002dd8   Data          20  _printf_hex_int_ll_ptr.o(.constdata)
    maptable                                 0x08002dec   Data          17  __printf_flags_ss_wp.o(.constdata)
    .constdata                               0x08002dec   Section       17  __printf_flags_ss_wp.o(.constdata)
    lc_hextab                                0x08002dfd   Data          19  _printf_fp_hex.o(.constdata)
    .constdata                               0x08002dfd   Section       38  _printf_fp_hex.o(.constdata)
    uc_hextab                                0x08002e10   Data          19  _printf_fp_hex.o(.constdata)
    tenpwrs_x                                0x08002e24   Data          60  bigflt0.o(.constdata)
    .constdata                               0x08002e24   Section      148  bigflt0.o(.constdata)
    tenpwrs_i                                0x08002e60   Data          64  bigflt0.o(.constdata)
    .L.str                                   0x08002eb8   Data          38  main.o(.rodata.str1.1)
    [Anonymous Symbol]                       0x08002eb8   Section        0  main.o(.rodata.str1.1)
    .L.str.2                                 0x08002ede   Data          18  arrays.o(.rodata.str1.1)
    [Anonymous Symbol]                       0x08002ede   Section        0  arrays.o(.rodata.str1.1)
    .L.str.5                                 0x08002ef0   Data          27  arrays.o(.rodata.str1.1)
    .L.str.4                                 0x08002f0b   Data          27  arrays.o(.rodata.str1.1)
    .L.str.3                                 0x08002f26   Data          17  arrays.o(.rodata.str1.1)
    .L.str.1                                 0x08002f37   Data          13  arrays.o(.rodata.str1.1)
    .L.str                                   0x08002f44   Data          13  arrays.o(.rodata.str1.1)
    .L.str                                   0x08002f51   Data          29  simulation.o(.rodata.str1.1)
    [Anonymous Symbol]                       0x08002f51   Section        0  simulation.o(.rodata.str1.1)
    .L.str                                   0x08002f6e   Data          21  hal_ct_lcd.o(.rodata.str1.1)
    [Anonymous Symbol]                       0x08002f6e   Section        0  hal_ct_lcd.o(.rodata.str1.1)
    locale$$data                             0x08002fa4   Section       28  lc_numeric_c.o(locale$$data)
    __lcnum_c_name                           0x08002fa8   Data           2  lc_numeric_c.o(locale$$data)
    __lcnum_c_start                          0x08002fb0   Data           0  lc_numeric_c.o(locale$$data)
    __lcnum_c_point                          0x08002fbc   Data           0  lc_numeric_c.o(locale$$data)
    __lcnum_c_thousands                      0x08002fbe   Data           0  lc_numeric_c.o(locale$$data)
    __lcnum_c_grouping                       0x08002fbf   Data           0  lc_numeric_c.o(locale$$data)
    __lcnum_c_end                            0x08002fc0   Data           0  lc_numeric_c.o(locale$$data)
    locale$$data                             0x08002fc0   Section      272  lc_ctype_c.o(locale$$data)
    __lcctype_c_name                         0x08002fc4   Data           2  lc_ctype_c.o(locale$$data)
    __lcctype_c_start                        0x08002fcc   Data           0  lc_ctype_c.o(locale$$data)
    __lcctype_c_end                          0x080030d0   Data           0  lc_ctype_c.o(locale$$data)
    delay_multiplier                         0x20000000   Data           4  simulation.o(.data.delay_multiplier)
    [Anonymous Symbol]                       0x20000000   Section        0  simulation.o(.data.delay_multiplier)
    __rt_locale_data                         0x20000008   Data          20  rt_locale.o(.bss)
    .bss                                     0x20000008   Section       20  rt_locale.o(.bss)
    block_lines                              0x2000001c   Data          32  cache.o(.bss.block_lines)
    [Anonymous Symbol]                       0x2000001c   Section        0  cache.o(.bss.block_lines)
    hit_miss                                 0x2000003c   Data           4  cache.o(.bss.hit_miss)
    [Anonymous Symbol]                       0x2000003c   Section        0  cache.o(.bss.hit_miss)
    STACK                                    0x20000040   Section     8192  startup_ctboard.o(STACK)
    __initial_sp                             0x20002040   Data           0  startup_ctboard.o(STACK)

    Global Symbols

    Symbol Name                              Value     Ov Type        Size  Object(Section)

    BuildAttributes$$THM_ISAv4$E$P$D$K$B$S$7EM$VFPi3$EXTD16$VFPS$VFMA$PE$A:L22UL41UL21$X:L11$S22US41US21$IEEE1$IW$~IW$USESV6$~STKCKD$USESV7$~SHL$OTIME$ROPI$IEEEJ$EBA8$UX$STANDARDLIB$REQ8$PRES8$EABIv2 0x00000000   Number         0  anon$$obj.o ABSOLUTE
    _printf_flags                            0x00000000   Number         0  printf_stubs.o ABSOLUTE
    _printf_return_value                     0x00000000   Number         0  printf_stubs.o ABSOLUTE
    _printf_sizespec                         0x00000000   Number         0  printf_stubs.o ABSOLUTE
    _printf_widthprec                        0x00000000   Number         0  printf_stubs.o ABSOLUTE
    __ARM_exceptions_init                     - Undefined Weak Reference
    __alloca_initialize                       - Undefined Weak Reference
    __arm_preinit_                            - Undefined Weak Reference
    __arm_relocate_pie_                       - Undefined Weak Reference
    __cpp_initialize__aeabi_                  - Undefined Weak Reference
    __cxa_finalize                            - Undefined Weak Reference
    __sigvec_lookup                           - Undefined Weak Reference
    _atexit_init                              - Undefined Weak Reference
    _call_atexit_fns                          - Undefined Weak Reference
    _clock_init                               - Undefined Weak Reference
    _fp_trap_init                             - Undefined Weak Reference
    _fp_trap_shutdown                         - Undefined Weak Reference
    _get_lc_collate                           - Undefined Weak Reference
    _get_lc_monetary                          - Undefined Weak Reference
    _get_lc_time                              - Undefined Weak Reference
    _getenv_init                              - Undefined Weak Reference
    _handle_redirection                       - Undefined Weak Reference
    _init_alloc                               - Undefined Weak Reference
    _init_user_alloc                          - Undefined Weak Reference
    _initio                                   - Undefined Weak Reference
    _printf_mbtowc                            - Undefined Weak Reference
    _printf_wc                                - Undefined Weak Reference
    _rand_init                                - Undefined Weak Reference
    _signal_finish                            - Undefined Weak Reference
    _signal_init                              - Undefined Weak Reference
    _terminate_alloc                          - Undefined Weak Reference
    _terminate_user_alloc                     - Undefined Weak Reference
    _terminateio                              - Undefined Weak Reference
    __Vectors_Size                           0x000001ac   Number         0  startup_ctboard.o ABSOLUTE
    Stack_Size                               0x00002000   Number         0  startup_ctboard.o ABSOLUTE
    __Vectors                                0x08000000   Data           4  startup_ctboard.o(RESET)
    __Vectors_End                            0x080001ac   Data           0  startup_ctboard.o(RESET)
    __scatterload                            0x080001ad   Thumb Code     0  __scatter.o(!!!scatter)
    __scatterload_rt2                        0x080001ad   Thumb Code    44  __scatter.o(!!!scatter)
    __scatterload_rt2_thumb_only             0x080001ad   Thumb Code     0  __scatter.o(!!!scatter)
    __scatterload_null                       0x080001bb   Thumb Code     0  __scatter.o(!!!scatter)
    __scatterload_copy                       0x080001e1   Thumb Code    26  __scatter_copy.o(!!handler_copy)
    __scatterload_zeroinit                   0x080001fd   Thumb Code    28  __scatter_zi.o(!!handler_zi)
    _printf_n                                0x08000219   Thumb Code     0  _printf_n.o(.ARM.Collect$$_printf_percent$$00000001)
    _printf_percent                          0x08000219   Thumb Code     0  _printf_percent.o(.ARM.Collect$$_printf_percent$$00000000)
    _printf_p                                0x0800021f   Thumb Code     0  _printf_p.o(.ARM.Collect$$_printf_percent$$00000002)
    _printf_f                                0x08000225   Thumb Code     0  _printf_f.o(.ARM.Collect$$_printf_percent$$00000003)
    _printf_e                                0x0800022b   Thumb Code     0  _printf_e.o(.ARM.Collect$$_printf_percent$$00000004)
    _printf_g                                0x08000231   Thumb Code     0  _printf_g.o(.ARM.Collect$$_printf_percent$$00000005)
    _printf_a                                0x08000237   Thumb Code     0  _printf_a.o(.ARM.Collect$$_printf_percent$$00000006)
    _printf_ll                               0x0800023d   Thumb Code     0  _printf_ll.o(.ARM.Collect$$_printf_percent$$00000007)
    _printf_i                                0x08000247   Thumb Code     0  _printf_i.o(.ARM.Collect$$_printf_percent$$00000008)
    _printf_d                                0x0800024d   Thumb Code     0  _printf_d.o(.ARM.Collect$$_printf_percent$$00000009)
    _printf_u                                0x08000253   Thumb Code     0  _printf_u.o(.ARM.Collect$$_printf_percent$$0000000A)
    _printf_o                                0x08000259   Thumb Code     0  _printf_o.o(.ARM.Collect$$_printf_percent$$0000000B)
    _printf_x                                0x0800025f   Thumb Code     0  _printf_x.o(.ARM.Collect$$_printf_percent$$0000000C)
    _printf_lli                              0x08000265   Thumb Code     0  _printf_lli.o(.ARM.Collect$$_printf_percent$$0000000D)
    _printf_lld                              0x0800026b   Thumb Code     0  _printf_lld.o(.ARM.Collect$$_printf_percent$$0000000E)
    _printf_llu                              0x08000271   Thumb Code     0  _printf_llu.o(.ARM.Collect$$_printf_percent$$0000000F)
    _printf_llo                              0x08000277   Thumb Code     0  _printf_llo.o(.ARM.Collect$$_printf_percent$$00000010)
    _printf_llx                              0x0800027d   Thumb Code     0  _printf_llx.o(.ARM.Collect$$_printf_percent$$00000011)
    _printf_l                                0x08000283   Thumb Code     0  _printf_l.o(.ARM.Collect$$_printf_percent$$00000012)
    _printf_c                                0x0800028d   Thumb Code     0  _printf_c.o(.ARM.Collect$$_printf_percent$$00000013)
    _printf_s                                0x08000293   Thumb Code     0  _printf_s.o(.ARM.Collect$$_printf_percent$$00000014)
    _printf_lc                               0x08000299   Thumb Code     0  _printf_lc.o(.ARM.Collect$$_printf_percent$$00000015)
    _printf_ls                               0x0800029f   Thumb Code     0  _printf_ls.o(.ARM.Collect$$_printf_percent$$00000016)
    _printf_percent_end                      0x080002a5   Thumb Code     0  _printf_percent_end.o(.ARM.Collect$$_printf_percent$$00000017)
    __rt_lib_init                            0x080002a9   Thumb Code     0  libinit.o(.ARM.Collect$$libinit$$00000000)
    __rt_lib_init_fp_1                       0x080002ab   Thumb Code     0  libinit2.o(.ARM.Collect$$libinit$$00000001)
    __rt_lib_init_heap_1                     0x080002af   Thumb Code     0  libinit2.o(.ARM.Collect$$libinit$$0000000C)
    __rt_lib_init_lc_common                  0x080002af   Thumb Code     0  libinit2.o(.ARM.Collect$$libinit$$00000011)
    __rt_lib_init_preinit_1                  0x080002af   Thumb Code     0  libinit2.o(.ARM.Collect$$libinit$$00000006)
    __rt_lib_init_rand_1                     0x080002af   Thumb Code     0  libinit2.o(.ARM.Collect$$libinit$$00000010)
    __rt_lib_init_relocate_pie_1             0x080002af   Thumb Code     0  libinit2.o(.ARM.Collect$$libinit$$00000004)
    __rt_lib_init_user_alloc_1               0x080002af   Thumb Code     0  libinit2.o(.ARM.Collect$$libinit$$0000000E)
    __rt_lib_init_lc_collate_1               0x080002b5   Thumb Code     0  libinit2.o(.ARM.Collect$$libinit$$00000013)
    __rt_lib_init_lc_ctype_2                 0x080002b5   Thumb Code     0  libinit2.o(.ARM.Collect$$libinit$$00000014)
    __rt_lib_init_lc_ctype_1                 0x080002c1   Thumb Code     0  libinit2.o(.ARM.Collect$$libinit$$00000015)
    __rt_lib_init_lc_monetary_1              0x080002c1   Thumb Code     0  libinit2.o(.ARM.Collect$$libinit$$00000017)
    __rt_lib_init_lc_numeric_2               0x080002c1   Thumb Code     0  libinit2.o(.ARM.Collect$$libinit$$00000018)
    __rt_lib_init_alloca_1                   0x080002cb   Thumb Code     0  libinit2.o(.ARM.Collect$$libinit$$00000030)
    __rt_lib_init_argv_1                     0x080002cb   Thumb Code     0  libinit2.o(.ARM.Collect$$libinit$$0000002E)
    __rt_lib_init_atexit_1                   0x080002cb   Thumb Code     0  libinit2.o(.ARM.Collect$$libinit$$0000001D)
    __rt_lib_init_clock_1                    0x080002cb   Thumb Code     0  libinit2.o(.ARM.Collect$$libinit$$00000023)
    __rt_lib_init_cpp_1                      0x080002cb   Thumb Code     0  libinit2.o(.ARM.Collect$$libinit$$00000034)
    __rt_lib_init_exceptions_1               0x080002cb   Thumb Code     0  libinit2.o(.ARM.Collect$$libinit$$00000032)
    __rt_lib_init_fp_trap_1                  0x080002cb   Thumb Code     0  libinit2.o(.ARM.Collect$$libinit$$00000021)
    __rt_lib_init_getenv_1                   0x080002cb   Thumb Code     0  libinit2.o(.ARM.Collect$$libinit$$00000025)
    __rt_lib_init_lc_numeric_1               0x080002cb   Thumb Code     0  libinit2.o(.ARM.Collect$$libinit$$00000019)
    __rt_lib_init_lc_time_1                  0x080002cb   Thumb Code     0  libinit2.o(.ARM.Collect$$libinit$$0000001B)
    __rt_lib_init_return                     0x080002cb   Thumb Code     0  libinit2.o(.ARM.Collect$$libinit$$00000035)
    __rt_lib_init_signal_1                   0x080002cb   Thumb Code     0  libinit2.o(.ARM.Collect$$libinit$$0000001F)
    __rt_lib_init_stdio_1                    0x080002cb   Thumb Code     0  libinit2.o(.ARM.Collect$$libinit$$00000027)
    __rt_lib_shutdown                        0x080002cd   Thumb Code     0  libshutdown.o(.ARM.Collect$$libshutdown$$00000000)
    __rt_lib_shutdown_cpp_1                  0x080002cf   Thumb Code     0  libshutdown2.o(.ARM.Collect$$libshutdown$$00000002)
    __rt_lib_shutdown_fp_trap_1              0x080002cf   Thumb Code     0  libshutdown2.o(.ARM.Collect$$libshutdown$$00000007)
    __rt_lib_shutdown_heap_1                 0x080002cf   Thumb Code     0  libshutdown2.o(.ARM.Collect$$libshutdown$$0000000F)
    __rt_lib_shutdown_return                 0x080002cf   Thumb Code     0  libshutdown2.o(.ARM.Collect$$libshutdown$$00000010)
    __rt_lib_shutdown_signal_1               0x080002cf   Thumb Code     0  libshutdown2.o(.ARM.Collect$$libshutdown$$0000000A)
    __rt_lib_shutdown_stdio_1                0x080002cf   Thumb Code     0  libshutdown2.o(.ARM.Collect$$libshutdown$$00000004)
    __rt_lib_shutdown_user_alloc_1           0x080002cf   Thumb Code     0  libshutdown2.o(.ARM.Collect$$libshutdown$$0000000C)
    __rt_entry                               0x080002d1   Thumb Code     0  __rtentry.o(.ARM.Collect$$rtentry$$00000000)
    __rt_entry_presh_1                       0x080002d1   Thumb Code     0  __rtentry2.o(.ARM.Collect$$rtentry$$00000002)
    __rt_entry_sh                            0x080002d1   Thumb Code     0  __rtentry4.o(.ARM.Collect$$rtentry$$00000004)
    __rt_entry_li                            0x080002d7   Thumb Code     0  __rtentry2.o(.ARM.Collect$$rtentry$$0000000A)
    __rt_entry_postsh_1                      0x080002d7   Thumb Code     0  __rtentry2.o(.ARM.Collect$$rtentry$$00000009)
    __rt_entry_main                          0x080002db   Thumb Code     0  __rtentry2.o(.ARM.Collect$$rtentry$$0000000D)
    __rt_entry_postli_1                      0x080002db   Thumb Code     0  __rtentry2.o(.ARM.Collect$$rtentry$$0000000C)
    __rt_exit                                0x080002e3   Thumb Code     0  rtexit.o(.ARM.Collect$$rtexit$$00000000)
    __rt_exit_ls                             0x080002e5   Thumb Code     0  rtexit2.o(.ARM.Collect$$rtexit$$00000003)
    __rt_exit_prels_1                        0x080002e5   Thumb Code     0  rtexit2.o(.ARM.Collect$$rtexit$$00000002)
    __rt_exit_exit                           0x080002e9   Thumb Code     0  rtexit2.o(.ARM.Collect$$rtexit$$00000004)
    __main                                   0x080002f1   Thumb Code     8  datainit_ctboard.o(.text)
    __user_setup_stackheap                   0x080002f9   Thumb Code    16  datainit_ctboard.o(.text)
    Reset_Handler                            0x08000319   Thumb Code     8  startup_ctboard.o(.text)
    NMI_Handler                              0x08000321   Thumb Code     2  startup_ctboard.o(.text)
    HardFault_Handler                        0x08000323   Thumb Code     2  startup_ctboard.o(.text)
    MemManage_Handler                        0x08000325   Thumb Code     2  startup_ctboard.o(.text)
    BusFault_Handler                         0x08000327   Thumb Code     2  startup_ctboard.o(.text)
    UsageFault_Handler                       0x08000329   Thumb Code     2  startup_ctboard.o(.text)
    SVC_Handler                              0x0800032b   Thumb Code     2  startup_ctboard.o(.text)
    DebugMon_Handler                         0x0800032d   Thumb Code     2  startup_ctboard.o(.text)
    PendSV_Handler                           0x0800032f   Thumb Code     2  startup_ctboard.o(.text)
    SysTick_Handler                          0x08000331   Thumb Code     2  startup_ctboard.o(.text)
    ADC_IRQHandler                           0x08000333   Thumb Code     0  startup_ctboard.o(.text)
    CAN1_RX0_IRQHandler                      0x08000333   Thumb Code     0  startup_ctboard.o(.text)
    CAN1_RX1_IRQHandler                      0x08000333   Thumb Code     0  startup_ctboard.o(.text)
    CAN1_SCE_IRQHandler                      0x08000333   Thumb Code     0  startup_ctboard.o(.text)
    CAN1_TX_IRQHandler                       0x08000333   Thumb Code     0  startup_ctboard.o(.text)
    CAN2_RX0_IRQHandler                      0x08000333   Thumb Code     0  startup_ctboard.o(.text)
    CAN2_RX1_IRQHandler                      0x08000333   Thumb Code     0  startup_ctboard.o(.text)
    CAN2_SCE_IRQHandler                      0x08000333   Thumb Code     0  startup_ctboard.o(.text)
    CAN2_TX_IRQHandler                       0x08000333   Thumb Code     0  startup_ctboard.o(.text)
    CRYP_IRQHandler                          0x08000333   Thumb Code     0  startup_ctboard.o(.text)
    DCMI_IRQHandler                          0x08000333   Thumb Code     0  startup_ctboard.o(.text)
    DMA1_Stream0_IRQHandler                  0x08000333   Thumb Code     0  startup_ctboard.o(.text)
    DMA1_Stream1_IRQHandler                  0x08000333   Thumb Code     0  startup_ctboard.o(.text)
    DMA1_Stream2_IRQHandler                  0x08000333   Thumb Code     0  startup_ctboard.o(.text)
    DMA1_Stream3_IRQHandler                  0x08000333   Thumb Code     0  startup_ctboard.o(.text)
    DMA1_Stream4_IRQHandler                  0x08000333   Thumb Code     0  startup_ctboard.o(.text)
    DMA1_Stream5_IRQHandler                  0x08000333   Thumb Code     0  startup_ctboard.o(.text)
    DMA1_Stream6_IRQHandler                  0x08000333   Thumb Code     0  startup_ctboard.o(.text)
    DMA1_Stream7_IRQHandler                  0x08000333   Thumb Code     0  startup_ctboard.o(.text)
    DMA2D_IRQHandler                         0x08000333   Thumb Code     0  startup_ctboard.o(.text)
    DMA2_Stream0_IRQHandler                  0x08000333   Thumb Code     0  startup_ctboard.o(.text)
    DMA2_Stream1_IRQHandler                  0x08000333   Thumb Code     0  startup_ctboard.o(.text)
    DMA2_Stream2_IRQHandler                  0x08000333   Thumb Code     0  startup_ctboard.o(.text)
    DMA2_Stream3_IRQHandler                  0x08000333   Thumb Code     0  startup_ctboard.o(.text)
    DMA2_Stream4_IRQHandler                  0x08000333   Thumb Code     0  startup_ctboard.o(.text)
    DMA2_Stream5_IRQHandler                  0x08000333   Thumb Code     0  startup_ctboard.o(.text)
    DMA2_Stream6_IRQHandler                  0x08000333   Thumb Code     0  startup_ctboard.o(.text)
    DMA2_Stream7_IRQHandler                  0x08000333   Thumb Code     0  startup_ctboard.o(.text)
    ETH_IRQHandler                           0x08000333   Thumb Code     0  startup_ctboard.o(.text)
    ETH_WKUP_IRQHandler                      0x08000333   Thumb Code     0  startup_ctboard.o(.text)
    EXTI0_IRQHandler                         0x08000333   Thumb Code     0  startup_ctboard.o(.text)
    EXTI15_10_IRQHandler                     0x08000333   Thumb Code     0  startup_ctboard.o(.text)
    EXTI1_IRQHandler                         0x08000333   Thumb Code     0  startup_ctboard.o(.text)
    EXTI2_IRQHandler                         0x08000333   Thumb Code     0  startup_ctboard.o(.text)
    EXTI3_IRQHandler                         0x08000333   Thumb Code     0  startup_ctboard.o(.text)
    EXTI4_IRQHandler                         0x08000333   Thumb Code     0  startup_ctboard.o(.text)
    EXTI9_5_IRQHandler                       0x08000333   Thumb Code     0  startup_ctboard.o(.text)
    FLASH_IRQHandler                         0x08000333   Thumb Code     0  startup_ctboard.o(.text)
    FMC_IRQHandler                           0x08000333   Thumb Code     0  startup_ctboard.o(.text)
    FPU_IRQHandler                           0x08000333   Thumb Code     0  startup_ctboard.o(.text)
    HASH_RNG_IRQHandler                      0x08000333   Thumb Code     0  startup_ctboard.o(.text)
    I2C1_ER_IRQHandler                       0x08000333   Thumb Code     0  startup_ctboard.o(.text)
    I2C1_EV_IRQHandler                       0x08000333   Thumb Code     0  startup_ctboard.o(.text)
    I2C2_ER_IRQHandler                       0x08000333   Thumb Code     0  startup_ctboard.o(.text)
    I2C2_EV_IRQHandler                       0x08000333   Thumb Code     0  startup_ctboard.o(.text)
    I2C3_ER_IRQHandler                       0x08000333   Thumb Code     0  startup_ctboard.o(.text)
    I2C3_EV_IRQHandler                       0x08000333   Thumb Code     0  startup_ctboard.o(.text)
    LTDC_ER_IRQHandler                       0x08000333   Thumb Code     0  startup_ctboard.o(.text)
    LTDC_IRQHandler                          0x08000333   Thumb Code     0  startup_ctboard.o(.text)
    OTG_FS_IRQHandler                        0x08000333   Thumb Code     0  startup_ctboard.o(.text)
    OTG_FS_WKUP_IRQHandler                   0x08000333   Thumb Code     0  startup_ctboard.o(.text)
    OTG_HS_EP1_IN_IRQHandler                 0x08000333   Thumb Code     0  startup_ctboard.o(.text)
    OTG_HS_EP1_OUT_IRQHandler                0x08000333   Thumb Code     0  startup_ctboard.o(.text)
    OTG_HS_IRQHandler                        0x08000333   Thumb Code     0  startup_ctboard.o(.text)
    OTG_HS_WKUP_IRQHandler                   0x08000333   Thumb Code     0  startup_ctboard.o(.text)
    PVD_IRQHandler                           0x08000333   Thumb Code     0  startup_ctboard.o(.text)
    RCC_IRQHandler                           0x08000333   Thumb Code     0  startup_ctboard.o(.text)
    RTC_Alarm_IRQHandler                     0x08000333   Thumb Code     0  startup_ctboard.o(.text)
    RTC_WKUP_IRQHandler                      0x08000333   Thumb Code     0  startup_ctboard.o(.text)
    SAI1_IRQHandler                          0x08000333   Thumb Code     0  startup_ctboard.o(.text)
    SDIO_IRQHandler                          0x08000333   Thumb Code     0  startup_ctboard.o(.text)
    SPI1_IRQHandler                          0x08000333   Thumb Code     0  startup_ctboard.o(.text)
    SPI2_IRQHandler                          0x08000333   Thumb Code     0  startup_ctboard.o(.text)
    SPI3_IRQHandler                          0x08000333   Thumb Code     0  startup_ctboard.o(.text)
    SPI4_IRQHandler                          0x08000333   Thumb Code     0  startup_ctboard.o(.text)
    SPI5_IRQHandler                          0x08000333   Thumb Code     0  startup_ctboard.o(.text)
    SPI6_IRQHandler                          0x08000333   Thumb Code     0  startup_ctboard.o(.text)
    TAMP_STAMP_IRQHandler                    0x08000333   Thumb Code     0  startup_ctboard.o(.text)
    TIM1_BRK_TIM9_IRQHandler                 0x08000333   Thumb Code     0  startup_ctboard.o(.text)
    TIM1_CC_IRQHandler                       0x08000333   Thumb Code     0  startup_ctboard.o(.text)
    TIM1_TRG_COM_TIM11_IRQHandler            0x08000333   Thumb Code     0  startup_ctboard.o(.text)
    TIM1_UP_TIM10_IRQHandler                 0x08000333   Thumb Code     0  startup_ctboard.o(.text)
    TIM2_IRQHandler                          0x08000333   Thumb Code     0  startup_ctboard.o(.text)
    TIM3_IRQHandler                          0x08000333   Thumb Code     0  startup_ctboard.o(.text)
    TIM4_IRQHandler                          0x08000333   Thumb Code     0  startup_ctboard.o(.text)
    TIM5_IRQHandler                          0x08000333   Thumb Code     0  startup_ctboard.o(.text)
    TIM6_DAC_IRQHandler                      0x08000333   Thumb Code     0  startup_ctboard.o(.text)
    TIM7_IRQHandler                          0x08000333   Thumb Code     0  startup_ctboard.o(.text)
    TIM8_BRK_TIM12_IRQHandler                0x08000333   Thumb Code     0  startup_ctboard.o(.text)
    TIM8_CC_IRQHandler                       0x08000333   Thumb Code     0  startup_ctboard.o(.text)
    TIM8_TRG_COM_TIM14_IRQHandler            0x08000333   Thumb Code     0  startup_ctboard.o(.text)
    TIM8_UP_TIM13_IRQHandler                 0x08000333   Thumb Code     0  startup_ctboard.o(.text)
    UART4_IRQHandler                         0x08000333   Thumb Code     0  startup_ctboard.o(.text)
    UART5_IRQHandler                         0x08000333   Thumb Code     0  startup_ctboard.o(.text)
    UART7_IRQHandler                         0x08000333   Thumb Code     0  startup_ctboard.o(.text)
    UART8_IRQHandler                         0x08000333   Thumb Code     0  startup_ctboard.o(.text)
    USART1_IRQHandler                        0x08000333   Thumb Code     0  startup_ctboard.o(.text)
    USART2_IRQHandler                        0x08000333   Thumb Code     0  startup_ctboard.o(.text)
    USART3_IRQHandler                        0x08000333   Thumb Code     0  startup_ctboard.o(.text)
    USART6_IRQHandler                        0x08000333   Thumb Code     0  startup_ctboard.o(.text)
    WWDG_IRQHandler                          0x08000333   Thumb Code     0  startup_ctboard.o(.text)
    sprintf                                  0x0800033d   Thumb Code    38  sprintf.o(.text)
    strcat                                   0x08000369   Thumb Code    24  strcat.o(.text)
    _printf_pre_padding                      0x08000381   Thumb Code    44  _printf_pad.o(.text)
    _printf_post_padding                     0x080003ad   Thumb Code    34  _printf_pad.o(.text)
    _printf_truncate_signed                  0x080003cf   Thumb Code    18  _printf_truncate.o(.text)
    _printf_truncate_unsigned                0x080003e1   Thumb Code    18  _printf_truncate.o(.text)
    _printf_str                              0x080003f3   Thumb Code    82  _printf_str.o(.text)
    _printf_int_dec                          0x08000445   Thumb Code   104  _printf_dec.o(.text)
    _printf_charcount                        0x080004bd   Thumb Code    40  _printf_charcount.o(.text)
    _printf_char_common                      0x080004ef   Thumb Code    32  _printf_char_common.o(.text)
    _sputc                                   0x08000515   Thumb Code    10  _sputc.o(.text)
    _printf_wctomb                           0x08000521   Thumb Code   182  _printf_wctomb.o(.text)
    _printf_longlong_dec                     0x080005dd   Thumb Code   108  _printf_longlong_dec.o(.text)
    _printf_longlong_oct                     0x08000659   Thumb Code    68  _printf_oct_int_ll.o(.text)
    _printf_int_oct                          0x0800069d   Thumb Code    24  _printf_oct_int_ll.o(.text)
    _printf_ll_oct                           0x080006b5   Thumb Code    12  _printf_oct_int_ll.o(.text)
    _printf_longlong_hex                     0x080006c9   Thumb Code    86  _printf_hex_int_ll_ptr.o(.text)
    _printf_int_hex                          0x0800071f   Thumb Code    28  _printf_hex_int_ll_ptr.o(.text)
    _printf_ll_hex                           0x0800073b   Thumb Code    12  _printf_hex_int_ll_ptr.o(.text)
    _printf_hex_ptr                          0x08000747   Thumb Code    18  _printf_hex_int_ll_ptr.o(.text)
    __printf                                 0x0800075d   Thumb Code   388  __printf_flags_ss_wp.o(.text)
    _ll_udiv10                               0x080008e5   Thumb Code   138  lludiv10.o(.text)
    _printf_int_common                       0x0800096f   Thumb Code   178  _printf_intcommon.o(.text)
    _printf_fp_dec_real                      0x08000bd1   Thumb Code   620  _printf_fp_dec.o(.text)
    _printf_fp_hex_real                      0x08000e3d   Thumb Code   756  _printf_fp_hex.o(.text)
    _printf_cs_common                        0x08001139   Thumb Code    20  _printf_char.o(.text)
    _printf_char                             0x0800114d   Thumb Code    16  _printf_char.o(.text)
    _printf_string                           0x0800115d   Thumb Code     8  _printf_char.o(.text)
    _printf_lcs_common                       0x08001165   Thumb Code    20  _printf_wchar.o(.text)
    _printf_wchar                            0x08001179   Thumb Code    16  _printf_wchar.o(.text)
    _printf_wstring                          0x08001189   Thumb Code     8  _printf_wchar.o(.text)
    _c16rtomb                                0x08001191   Thumb Code    72  _c16rtomb.o(.text)
    _wcrtomb                                 0x08001191   Thumb Code     0  _c16rtomb.o(.text)
    __rt_ctype_table                         0x080011d9   Thumb Code    16  rt_ctype_table.o(.text)
    __rt_locale                              0x080011e9   Thumb Code     8  rt_locale.o(.text)
    _printf_fp_infnan                        0x080011f1   Thumb Code   112  _printf_fp_infnan.o(.text)
    _btod_etento                             0x08001271   Thumb Code   224  bigflt0.o(.text)
    exit                                     0x08001355   Thumb Code    18  exit.o(.text)
    strcmp                                   0x08001369   Thumb Code   124  strcmpv7em.o(.text)
    _sys_exit                                0x080013e5   Thumb Code     8  sys_exit.o(.text)
    __I$use$semihosting                      0x080013f1   Thumb Code     0  use_no_semi.o(.text)
    __use_no_semihosting_swi                 0x080013f1   Thumb Code     2  use_no_semi.o(.text)
    __semihosting_library_function           0x080013f3   Thumb Code     0  indicate_semi.o(.text)
    __system                                 0x080013f5   Thumb Code     8  system_ctboard.o(.text.__system)
    a_equals_b_plus_c                        0x080013fd   Thumb Code    52  arrays.o(.text.a_equals_b_plus_c)
    access_cache                             0x08001431   Thumb Code   138  cache.o(.text.access_cache)
    button1_pressed                          0x080014bd   Thumb Code    16  simulation.o(.text.button1_pressed)
    button2_pressed                          0x080014cd   Thumb Code    16  simulation.o(.text.button2_pressed)
    debug_line_out                           0x0800157d   Thumb Code   116  simulation.o(.text.debug_line_out)
    delay                                    0x080015f1   Thumb Code    36  simulation.o(.text.delay)
    display_result                           0x08001615   Thumb Code   190  arrays.o(.text.display_result)
    get_cache_result                         0x080016d5   Thumb Code    10  cache.o(.text.get_cache_result)
    get_item_address                         0x080016e1   Thumb Code   142  arrays.o(.text.get_item_address)
    hal_ct_lcd_clear                         0x08001771   Thumb Code    32  hal_ct_lcd.o(.text.hal_ct_lcd_clear)
    hal_ct_lcd_color                         0x08001791   Thumb Code    90  hal_ct_lcd.o(.text.hal_ct_lcd_color)
    hal_ct_lcd_write                         0x080017ed   Thumb Code    96  hal_ct_lcd.o(.text.hal_ct_lcd_write)
    hal_fmc_init_sram                        0x0800184d   Thumb Code   590  hal_fmc.o(.text.hal_fmc_init_sram)
    hal_gpio_init_alternate                  0x08001a9d   Thumb Code   196  hal_gpio.o(.text.hal_gpio_init_alternate)
    hal_gpio_init_output                     0x08001b61   Thumb Code   220  hal_gpio.o(.text.hal_gpio_init_output)
    hal_pwr_set_overdrive                    0x08001c3d   Thumb Code    12  hal_pwr.o(.text.hal_pwr_set_overdrive)
    hal_rcc_reset                            0x08001c49   Thumb Code   342  hal_rcc.o(.text.hal_rcc_reset)
    hal_rcc_set_osc                          0x08001da1   Thumb Code   288  hal_rcc.o(.text.hal_rcc_set_osc)
    hal_rcc_setup_clock                      0x08001ec1   Thumb Code   168  hal_rcc.o(.text.hal_rcc_setup_clock)
    hal_rcc_setup_pll                        0x08001f69   Thumb Code   370  hal_rcc.o(.text.hal_rcc_setup_pll)
    init_cache                               0x0800238d   Thumb Code    60  cache.o(.text.init_cache)
    main                                     0x08002405   Thumb Code    42  main.o(.text.main)
    print_results                            0x08002431   Thumb Code    40  simulation.o(.text.print_results)
    read_b                                   0x08002459   Thumb Code    58  arrays.o(.text.read_b)
    read_c                                   0x08002495   Thumb Code    54  arrays.o(.text.read_c)
    system_enter_run                         0x08002521   Thumb Code    20  system_ctboard.o(.text.system_enter_run)
    write_a                                  0x08002535   Thumb Code    58  arrays.o(.text.write_a)
    _btod_d2e                                0x0800256f   Thumb Code    62  btod.o(CL$$btod_d2e)
    _d2e_denorm_low                          0x080025ad   Thumb Code    70  btod.o(CL$$btod_d2e_denorm_low)
    _d2e_norm_op1                            0x080025f3   Thumb Code    96  btod.o(CL$$btod_d2e_norm_op1)
    __btod_div_common                        0x08002655   Thumb Code   696  btod.o(CL$$btod_div_common)
    _e2e                                     0x0800298d   Thumb Code   220  btod.o(CL$$btod_e2e)
    _btod_ediv                               0x08002a69   Thumb Code    42  btod.o(CL$$btod_ediv)
    _btod_emul                               0x08002a93   Thumb Code    42  btod.o(CL$$btod_emul)
    __btod_mult_common                       0x08002abd   Thumb Code   580  btod.o(CL$$btod_mult_common)
    __ARM_fpclassify                         0x08002d01   Thumb Code    48  fpclassify.o(i.__ARM_fpclassify)
    _is_digit                                0x08002d31   Thumb Code    14  __printf_wp.o(i._is_digit)
    _get_lc_numeric                          0x08002d41   Thumb Code    44  lc_numeric_c.o(locale$$code)
    _get_lc_ctype                            0x08002d6d   Thumb Code    44  lc_ctype_c.o(locale$$code)
    _fp_init                                 0x08002d99   Thumb Code    26  fpinit.o(x$fpl$fpinit)
    __fplib_config_fpu_vfp                   0x08002db1   Thumb Code     0  fpinit.o(x$fpl$fpinit)
    __fplib_config_pureend_doubles           0x08002db1   Thumb Code     0  fpinit.o(x$fpl$fpinit)
    _printf_fp_dec                           0x08002db3   Thumb Code     4  printf1.o(x$fpl$printf1)
    _printf_fp_hex                           0x08002db7   Thumb Code     4  printf2.o(x$fpl$printf2)
    __I$use$fp                               0x08002dba   Number         0  usenofp.o(x$fpl$usenofp)
    Region$$Table$$Base                      0x08002f84   Number         0  anon$$obj.o(Region$$Table)
    Region$$Table$$Limit                     0x08002fa4   Number         0  anon$$obj.o(Region$$Table)
    __ctype                                  0x08002fcd   Data           0  lc_ctype_c.o(locale$$data)
    Stack_Mem                                0x20000040   Data        8192  startup_ctboard.o(STACK)



==============================================================================

Memory Map of the image

  Image Entry point : 0x08000319

  Load Region LR_IROM1 (Base: 0x08000000, Size: 0x000030d8, Max: 0x00200000, ABSOLUTE)

    Execution Region ER_IROM1 (Exec base: 0x08000000, Load base: 0x08000000, Size: 0x000030d0, Max: 0x00200000, ABSOLUTE)

    Exec Addr    Load Addr    Size         Type   Attr      Idx    E Section Name        Object

    0x08000000   0x08000000   0x000001ac   Data   RO           76    RESET               startup_ctboard.o
    0x080001ac   0x080001ac   0x00000034   Code   RO          290    !!!scatter          c_w.l(__scatter.o)
    0x080001e0   0x080001e0   0x0000001a   Code   RO          625    !!handler_copy      c_w.l(__scatter_copy.o)
    0x080001fa   0x080001fa   0x00000002   PAD
    0x080001fc   0x080001fc   0x0000001c   Code   RO          627    !!handler_zi        c_w.l(__scatter_zi.o)
    0x08000218   0x08000218   0x00000000   Code   RO          374    .ARM.Collect$$_printf_percent$$00000000  c_w.l(_printf_percent.o)
    0x08000218   0x08000218   0x00000006   Code   RO          363    .ARM.Collect$$_printf_percent$$00000001  c_w.l(_printf_n.o)
    0x0800021e   0x0800021e   0x00000006   Code   RO          365    .ARM.Collect$$_printf_percent$$00000002  c_w.l(_printf_p.o)
    0x08000224   0x08000224   0x00000006   Code   RO          370    .ARM.Collect$$_printf_percent$$00000003  c_w.l(_printf_f.o)
    0x0800022a   0x0800022a   0x00000006   Code   RO          371    .ARM.Collect$$_printf_percent$$00000004  c_w.l(_printf_e.o)
    0x08000230   0x08000230   0x00000006   Code   RO          372    .ARM.Collect$$_printf_percent$$00000005  c_w.l(_printf_g.o)
    0x08000236   0x08000236   0x00000006   Code   RO          373    .ARM.Collect$$_printf_percent$$00000006  c_w.l(_printf_a.o)
    0x0800023c   0x0800023c   0x0000000a   Code   RO          378    .ARM.Collect$$_printf_percent$$00000007  c_w.l(_printf_ll.o)
    0x08000246   0x08000246   0x00000006   Code   RO          367    .ARM.Collect$$_printf_percent$$00000008  c_w.l(_printf_i.o)
    0x0800024c   0x0800024c   0x00000006   Code   RO          368    .ARM.Collect$$_printf_percent$$00000009  c_w.l(_printf_d.o)
    0x08000252   0x08000252   0x00000006   Code   RO          369    .ARM.Collect$$_printf_percent$$0000000A  c_w.l(_printf_u.o)
    0x08000258   0x08000258   0x00000006   Code   RO          366    .ARM.Collect$$_printf_percent$$0000000B  c_w.l(_printf_o.o)
    0x0800025e   0x0800025e   0x00000006   Code   RO          364    .ARM.Collect$$_printf_percent$$0000000C  c_w.l(_printf_x.o)
    0x08000264   0x08000264   0x00000006   Code   RO          375    .ARM.Collect$$_printf_percent$$0000000D  c_w.l(_printf_lli.o)
    0x0800026a   0x0800026a   0x00000006   Code   RO          376    .ARM.Collect$$_printf_percent$$0000000E  c_w.l(_printf_lld.o)
    0x08000270   0x08000270   0x00000006   Code   RO          377    .ARM.Collect$$_printf_percent$$0000000F  c_w.l(_printf_llu.o)
    0x08000276   0x08000276   0x00000006   Code   RO          382    .ARM.Collect$$_printf_percent$$00000010  c_w.l(_printf_llo.o)
    0x0800027c   0x0800027c   0x00000006   Code   RO          383    .ARM.Collect$$_printf_percent$$00000011  c_w.l(_printf_llx.o)
    0x08000282   0x08000282   0x0000000a   Code   RO          379    .ARM.Collect$$_printf_percent$$00000012  c_w.l(_printf_l.o)
    0x0800028c   0x0800028c   0x00000006   Code   RO          361    .ARM.Collect$$_printf_percent$$00000013  c_w.l(_printf_c.o)
    0x08000292   0x08000292   0x00000006   Code   RO          362    .ARM.Collect$$_printf_percent$$00000014  c_w.l(_printf_s.o)
    0x08000298   0x08000298   0x00000006   Code   RO          380    .ARM.Collect$$_printf_percent$$00000015  c_w.l(_printf_lc.o)
    0x0800029e   0x0800029e   0x00000006   Code   RO          381    .ARM.Collect$$_printf_percent$$00000016  c_w.l(_printf_ls.o)
    0x080002a4   0x080002a4   0x00000004   Code   RO          424    .ARM.Collect$$_printf_percent$$00000017  c_w.l(_printf_percent_end.o)
    0x080002a8   0x080002a8   0x00000002   Code   RO          473    .ARM.Collect$$libinit$$00000000  c_w.l(libinit.o)
    0x080002aa   0x080002aa   0x00000004   Code   RO          491    .ARM.Collect$$libinit$$00000001  c_w.l(libinit2.o)
    0x080002ae   0x080002ae   0x00000000   Code   RO          494    .ARM.Collect$$libinit$$00000004  c_w.l(libinit2.o)
    0x080002ae   0x080002ae   0x00000000   Code   RO          496    .ARM.Collect$$libinit$$00000006  c_w.l(libinit2.o)
    0x080002ae   0x080002ae   0x00000000   Code   RO          499    .ARM.Collect$$libinit$$0000000C  c_w.l(libinit2.o)
    0x080002ae   0x080002ae   0x00000000   Code   RO          501    .ARM.Collect$$libinit$$0000000E  c_w.l(libinit2.o)
    0x080002ae   0x080002ae   0x00000000   Code   RO          503    .ARM.Collect$$libinit$$00000010  c_w.l(libinit2.o)
    0x080002ae   0x080002ae   0x00000006   Code   RO          504    .ARM.Collect$$libinit$$00000011  c_w.l(libinit2.o)
    0x080002b4   0x080002b4   0x00000000   Code   RO          506    .ARM.Collect$$libinit$$00000013  c_w.l(libinit2.o)
    0x080002b4   0x080002b4   0x0000000c   Code   RO          507    .ARM.Collect$$libinit$$00000014  c_w.l(libinit2.o)
    0x080002c0   0x080002c0   0x00000000   Code   RO          508    .ARM.Collect$$libinit$$00000015  c_w.l(libinit2.o)
    0x080002c0   0x080002c0   0x00000000   Code   RO          510    .ARM.Collect$$libinit$$00000017  c_w.l(libinit2.o)
    0x080002c0   0x080002c0   0x0000000a   Code   RO          511    .ARM.Collect$$libinit$$00000018  c_w.l(libinit2.o)
    0x080002ca   0x080002ca   0x00000000   Code   RO          512    .ARM.Collect$$libinit$$00000019  c_w.l(libinit2.o)
    0x080002ca   0x080002ca   0x00000000   Code   RO          514    .ARM.Collect$$libinit$$0000001B  c_w.l(libinit2.o)
    0x080002ca   0x080002ca   0x00000000   Code   RO          516    .ARM.Collect$$libinit$$0000001D  c_w.l(libinit2.o)
    0x080002ca   0x080002ca   0x00000000   Code   RO          518    .ARM.Collect$$libinit$$0000001F  c_w.l(libinit2.o)
    0x080002ca   0x080002ca   0x00000000   Code   RO          520    .ARM.Collect$$libinit$$00000021  c_w.l(libinit2.o)
    0x080002ca   0x080002ca   0x00000000   Code   RO          522    .ARM.Collect$$libinit$$00000023  c_w.l(libinit2.o)
    0x080002ca   0x080002ca   0x00000000   Code   RO          524    .ARM.Collect$$libinit$$00000025  c_w.l(libinit2.o)
    0x080002ca   0x080002ca   0x00000000   Code   RO          526    .ARM.Collect$$libinit$$00000027  c_w.l(libinit2.o)
    0x080002ca   0x080002ca   0x00000000   Code   RO          530    .ARM.Collect$$libinit$$0000002E  c_w.l(libinit2.o)
    0x080002ca   0x080002ca   0x00000000   Code   RO          532    .ARM.Collect$$libinit$$00000030  c_w.l(libinit2.o)
    0x080002ca   0x080002ca   0x00000000   Code   RO          534    .ARM.Collect$$libinit$$00000032  c_w.l(libinit2.o)
    0x080002ca   0x080002ca   0x00000000   Code   RO          536    .ARM.Collect$$libinit$$00000034  c_w.l(libinit2.o)
    0x080002ca   0x080002ca   0x00000002   Code   RO          537    .ARM.Collect$$libinit$$00000035  c_w.l(libinit2.o)
    0x080002cc   0x080002cc   0x00000002   Code   RO          561    .ARM.Collect$$libshutdown$$00000000  c_w.l(libshutdown.o)
    0x080002ce   0x080002ce   0x00000000   Code   RO          576    .ARM.Collect$$libshutdown$$00000002  c_w.l(libshutdown2.o)
    0x080002ce   0x080002ce   0x00000000   Code   RO          578    .ARM.Collect$$libshutdown$$00000004  c_w.l(libshutdown2.o)
    0x080002ce   0x080002ce   0x00000000   Code   RO          581    .ARM.Collect$$libshutdown$$00000007  c_w.l(libshutdown2.o)
    0x080002ce   0x080002ce   0x00000000   Code   RO          584    .ARM.Collect$$libshutdown$$0000000A  c_w.l(libshutdown2.o)
    0x080002ce   0x080002ce   0x00000000   Code   RO          586    .ARM.Collect$$libshutdown$$0000000C  c_w.l(libshutdown2.o)
    0x080002ce   0x080002ce   0x00000000   Code   RO          589    .ARM.Collect$$libshutdown$$0000000F  c_w.l(libshutdown2.o)
    0x080002ce   0x080002ce   0x00000002   Code   RO          590    .ARM.Collect$$libshutdown$$00000010  c_w.l(libshutdown2.o)
    0x080002d0   0x080002d0   0x00000000   Code   RO          292    .ARM.Collect$$rtentry$$00000000  c_w.l(__rtentry.o)
    0x080002d0   0x080002d0   0x00000000   Code   RO          393    .ARM.Collect$$rtentry$$00000002  c_w.l(__rtentry2.o)
    0x080002d0   0x080002d0   0x00000006   Code   RO          405    .ARM.Collect$$rtentry$$00000004  c_w.l(__rtentry4.o)
    0x080002d6   0x080002d6   0x00000000   Code   RO          395    .ARM.Collect$$rtentry$$00000009  c_w.l(__rtentry2.o)
    0x080002d6   0x080002d6   0x00000004   Code   RO          396    .ARM.Collect$$rtentry$$0000000A  c_w.l(__rtentry2.o)
    0x080002da   0x080002da   0x00000000   Code   RO          398    .ARM.Collect$$rtentry$$0000000C  c_w.l(__rtentry2.o)
    0x080002da   0x080002da   0x00000008   Code   RO          399    .ARM.Collect$$rtentry$$0000000D  c_w.l(__rtentry2.o)
    0x080002e2   0x080002e2   0x00000002   Code   RO          482    .ARM.Collect$$rtexit$$00000000  c_w.l(rtexit.o)
    0x080002e4   0x080002e4   0x00000000   Code   RO          539    .ARM.Collect$$rtexit$$00000002  c_w.l(rtexit2.o)
    0x080002e4   0x080002e4   0x00000004   Code   RO          540    .ARM.Collect$$rtexit$$00000003  c_w.l(rtexit2.o)
    0x080002e8   0x080002e8   0x00000006   Code   RO          541    .ARM.Collect$$rtexit$$00000004  c_w.l(rtexit2.o)
    0x080002ee   0x080002ee   0x00000002   PAD
    0x080002f0   0x080002f0   0x00000028   Code   RO           68    .text               datainit_ctboard.o
    0x08000318   0x08000318   0x00000024   Code   RO           77  * .text               startup_ctboard.o
    0x0800033c   0x0800033c   0x0000002c   Code   RO          286    .text               c_w.l(sprintf.o)
    0x08000368   0x08000368   0x00000018   Code   RO          288    .text               c_w.l(strcat.o)
    0x08000380   0x08000380   0x0000004e   Code   RO          295    .text               c_w.l(_printf_pad.o)
    0x080003ce   0x080003ce   0x00000024   Code   RO          297    .text               c_w.l(_printf_truncate.o)
    0x080003f2   0x080003f2   0x00000052   Code   RO          299    .text               c_w.l(_printf_str.o)
    0x08000444   0x08000444   0x00000078   Code   RO          301    .text               c_w.l(_printf_dec.o)
    0x080004bc   0x080004bc   0x00000028   Code   RO          303    .text               c_w.l(_printf_charcount.o)
    0x080004e4   0x080004e4   0x00000030   Code   RO          305    .text               c_w.l(_printf_char_common.o)
    0x08000514   0x08000514   0x0000000a   Code   RO          307    .text               c_w.l(_sputc.o)
    0x0800051e   0x0800051e   0x00000002   PAD
    0x08000520   0x08000520   0x000000bc   Code   RO          309    .text               c_w.l(_printf_wctomb.o)
    0x080005dc   0x080005dc   0x0000007c   Code   RO          312    .text               c_w.l(_printf_longlong_dec.o)
    0x08000658   0x08000658   0x00000070   Code   RO          318    .text               c_w.l(_printf_oct_int_ll.o)
    0x080006c8   0x080006c8   0x00000094   Code   RO          338    .text               c_w.l(_printf_hex_int_ll_ptr.o)
    0x0800075c   0x0800075c   0x00000188   Code   RO          358    .text               c_w.l(__printf_flags_ss_wp.o)
    0x080008e4   0x080008e4   0x0000008a   Code   RO          407    .text               c_w.l(lludiv10.o)
    0x0800096e   0x0800096e   0x000000b2   Code   RO          409    .text               c_w.l(_printf_intcommon.o)
    0x08000a20   0x08000a20   0x0000041c   Code   RO          411    .text               c_w.l(_printf_fp_dec.o)
    0x08000e3c   0x08000e3c   0x000002fc   Code   RO          415    .text               c_w.l(_printf_fp_hex.o)
    0x08001138   0x08001138   0x0000002c   Code   RO          420    .text               c_w.l(_printf_char.o)
    0x08001164   0x08001164   0x0000002c   Code   RO          422    .text               c_w.l(_printf_wchar.o)
    0x08001190   0x08001190   0x00000048   Code   RO          425    .text               c_w.l(_c16rtomb.o)
    0x080011d8   0x080011d8   0x00000010   Code   RO          427    .text               c_w.l(rt_ctype_table.o)
    0x080011e8   0x080011e8   0x00000008   Code   RO          429    .text               c_w.l(rt_locale.o)
    0x080011f0   0x080011f0   0x00000080   Code   RO          434    .text               c_w.l(_printf_fp_infnan.o)
    0x08001270   0x08001270   0x000000e4   Code   RO          436    .text               c_w.l(bigflt0.o)
    0x08001354   0x08001354   0x00000012   Code   RO          466    .text               c_w.l(exit.o)
    0x08001366   0x08001366   0x00000002   PAD
    0x08001368   0x08001368   0x0000007c   Code   RO          489    .text               c_w.l(strcmpv7em.o)
    0x080013e4   0x080013e4   0x0000000c   Code   RO          551    .text               c_w.l(sys_exit.o)
    0x080013f0   0x080013f0   0x00000002   Code   RO          566    .text               c_w.l(use_no_semi.o)
    0x080013f2   0x080013f2   0x00000000   Code   RO          568    .text               c_w.l(indicate_semi.o)
    0x080013f2   0x080013f2   0x00000002   PAD
    0x080013f4   0x080013f4   0x00000008   Code   RO           82    .text.__system      system_ctboard.o
    0x080013fc   0x080013fc   0x00000034   Code   RO           15    .text.a_equals_b_plus_c  arrays.o
    0x08001430   0x08001430   0x0000008a   Code   RO           37    .text.access_cache  cache.o
    0x080014ba   0x080014ba   0x00000002   PAD
    0x080014bc   0x080014bc   0x00000010   Code   RO           56    .text.button1_pressed  simulation.o
    0x080014cc   0x080014cc   0x00000010   Code   RO           58    .text.button2_pressed  simulation.o
    0x080014dc   0x080014dc   0x000000a0   Code   RO          162    .text.create_pattern_mask  hal_gpio.o
    0x0800157c   0x0800157c   0x00000074   Code   RO           52    .text.debug_line_out  simulation.o
    0x080015f0   0x080015f0   0x00000024   Code   RO           54    .text.delay         simulation.o
    0x08001614   0x08001614   0x000000be   Code   RO           25    .text.display_result  arrays.o
    0x080016d2   0x080016d2   0x00000002   PAD
    0x080016d4   0x080016d4   0x0000000a   Code   RO           39    .text.get_cache_result  cache.o
    0x080016de   0x080016de   0x00000002   PAD
    0x080016e0   0x080016e0   0x0000008e   Code   RO           23    .text.get_item_address  arrays.o
    0x0800176e   0x0800176e   0x00000002   PAD
    0x08001770   0x08001770   0x00000020   Code   RO          111    .text.hal_ct_lcd_clear  hal_ct_lcd.o
    0x08001790   0x08001790   0x0000005a   Code   RO          109    .text.hal_ct_lcd_color  hal_ct_lcd.o
    0x080017ea   0x080017ea   0x00000002   PAD
    0x080017ec   0x080017ec   0x00000060   Code   RO          107    .text.hal_ct_lcd_write  hal_ct_lcd.o
    0x0800184c   0x0800184c   0x0000024e   Code   RO          147    .text.hal_fmc_init_sram  hal_fmc.o
    0x08001a9a   0x08001a9a   0x00000002   PAD
    0x08001a9c   0x08001a9c   0x000000c4   Code   RO          168    .text.hal_gpio_init_alternate  hal_gpio.o
    0x08001b60   0x08001b60   0x000000dc   Code   RO          166    .text.hal_gpio_init_output  hal_gpio.o
    0x08001c3c   0x08001c3c   0x0000000c   Code   RO          207    .text.hal_pwr_set_overdrive  hal_pwr.o
    0x08001c48   0x08001c48   0x00000156   Code   RO          218    .text.hal_rcc_reset  hal_rcc.o
    0x08001d9e   0x08001d9e   0x00000002   PAD
    0x08001da0   0x08001da0   0x00000120   Code   RO          222    .text.hal_rcc_set_osc  hal_rcc.o
    0x08001ec0   0x08001ec0   0x000000a8   Code   RO          226    .text.hal_rcc_setup_clock  hal_rcc.o
    0x08001f68   0x08001f68   0x00000172   Code   RO          224    .text.hal_rcc_setup_pll  hal_rcc.o
    0x080020da   0x080020da   0x00000002   PAD
    0x080020dc   0x080020dc   0x000001b0   Code   RO           90    .text.init_FMC_SRAM  system_ctboard.o
    0x0800228c   0x0800228c   0x00000012   Code   RO           88    .text.init_FPU      system_ctboard.o
    0x0800229e   0x0800229e   0x00000002   PAD
    0x080022a0   0x080022a0   0x0000001e   Code   RO           92    .text.init_LCD      system_ctboard.o
    0x080022be   0x080022be   0x00000002   PAD
    0x080022c0   0x080022c0   0x000000cc   Code   RO           86    .text.init_SystemClock  system_ctboard.o
    0x0800238c   0x0800238c   0x0000003c   Code   RO           35    .text.init_cache    cache.o
    0x080023c8   0x080023c8   0x0000003c   Code   RO          160    .text.intercept_overwrite_register  hal_gpio.o
    0x08002404   0x08002404   0x0000002a   Code   RO            2    .text.main          main.o
    0x0800242e   0x0800242e   0x00000002   PAD
    0x08002430   0x08002430   0x00000028   Code   RO           50    .text.print_results  simulation.o
    0x08002458   0x08002458   0x0000003a   Code   RO           17    .text.read_b        arrays.o
    0x08002492   0x08002492   0x00000002   PAD
    0x08002494   0x08002494   0x00000036   Code   RO           19    .text.read_c        arrays.o
    0x080024ca   0x080024ca   0x00000002   PAD
    0x080024cc   0x080024cc   0x00000054   Code   RO            4    .text.run_simulation  main.o
    0x08002520   0x08002520   0x00000014   Code   RO           84    .text.system_enter_run  system_ctboard.o
    0x08002534   0x08002534   0x0000003a   Code   RO           21    .text.write_a       arrays.o
    0x0800256e   0x0800256e   0x0000003e   Code   RO          439    CL$$btod_d2e        c_w.l(btod.o)
    0x080025ac   0x080025ac   0x00000046   Code   RO          441    CL$$btod_d2e_denorm_low  c_w.l(btod.o)
    0x080025f2   0x080025f2   0x00000060   Code   RO          440    CL$$btod_d2e_norm_op1  c_w.l(btod.o)
    0x08002652   0x08002652   0x00000002   PAD
    0x08002654   0x08002654   0x00000338   Code   RO          449    CL$$btod_div_common  c_w.l(btod.o)
    0x0800298c   0x0800298c   0x000000dc   Code   RO          446    CL$$btod_e2e        c_w.l(btod.o)
    0x08002a68   0x08002a68   0x0000002a   Code   RO          443    CL$$btod_ediv       c_w.l(btod.o)
    0x08002a92   0x08002a92   0x0000002a   Code   RO          442    CL$$btod_emul       c_w.l(btod.o)
    0x08002abc   0x08002abc   0x00000244   Code   RO          448    CL$$btod_mult_common  c_w.l(btod.o)
    0x08002d00   0x08002d00   0x00000030   Code   RO          477    i.__ARM_fpclassify  m_wm.l(fpclassify.o)
    0x08002d30   0x08002d30   0x0000000e   Code   RO          351    i._is_digit         c_w.l(__printf_wp.o)
    0x08002d3e   0x08002d3e   0x00000002   PAD
    0x08002d40   0x08002d40   0x0000002c   Code   RO          464    locale$$code        c_w.l(lc_numeric_c.o)
    0x08002d6c   0x08002d6c   0x0000002c   Code   RO          487    locale$$code        c_w.l(lc_ctype_c.o)
    0x08002d98   0x08002d98   0x0000001a   Code   RO          549    x$fpl$fpinit        fz_wm.l(fpinit.o)
    0x08002db2   0x08002db2   0x00000004   Code   RO          384    x$fpl$printf1       fz_wm.l(printf1.o)
    0x08002db6   0x08002db6   0x00000004   Code   RO          386    x$fpl$printf2       fz_wm.l(printf2.o)
    0x08002dba   0x08002dba   0x00000000   Code   RO          476    x$fpl$usenofp       fz_wm.l(usenofp.o)
    0x08002dba   0x08002dba   0x00000002   PAD
    0x08002dbc   0x08002dbc   0x00000008   Data   RO          310    .constdata          c_w.l(_printf_wctomb.o)
    0x08002dc4   0x08002dc4   0x00000028   Data   RO          339    .constdata          c_w.l(_printf_hex_int_ll_ptr.o)
    0x08002dec   0x08002dec   0x00000011   Data   RO          359    .constdata          c_w.l(__printf_flags_ss_wp.o)
    0x08002dfd   0x08002dfd   0x00000026   Data   RO          416    .constdata          c_w.l(_printf_fp_hex.o)
    0x08002e23   0x08002e23   0x00000001   PAD
    0x08002e24   0x08002e24   0x00000094   Data   RO          437    .constdata          c_w.l(bigflt0.o)
    0x08002eb8   0x08002eb8   0x00000026   Data   RO            6    .rodata.str1.1      main.o
    0x08002ede   0x08002ede   0x00000073   Data   RO           27    .rodata.str1.1      arrays.o
    0x08002f51   0x08002f51   0x0000001d   Data   RO           60    .rodata.str1.1      simulation.o
    0x08002f6e   0x08002f6e   0x00000015   Data   RO          113    .rodata.str1.1      hal_ct_lcd.o
    0x08002f83   0x08002f83   0x00000001   PAD
    0x08002f84   0x08002f84   0x00000020   Data   RO          624    Region$$Table       anon$$obj.o
    0x08002fa4   0x08002fa4   0x0000001c   Data   RO          463    locale$$data        c_w.l(lc_numeric_c.o)
    0x08002fc0   0x08002fc0   0x00000110   Data   RO          486    locale$$data        c_w.l(lc_ctype_c.o)


    Execution Region RW_IRAM2 (Exec base: 0x10000000, Load base: 0x080030d8, Size: 0x00000000, Max: 0x00010000, ABSOLUTE)

    **** No section assigned to this execution region ****


    Execution Region RW_IRAM1 (Exec base: 0x20000000, Load base: 0x080030d0, Size: 0x00002040, Max: 0x00030000, ABSOLUTE)

    Exec Addr    Load Addr    Size         Type   Attr      Idx    E Section Name        Object

    0x20000000   0x080030d0   0x00000004   Data   RW           61    .data.delay_multiplier  simulation.o
    0x20000004   0x080030d4   0x00000004   PAD
    0x20000008        -       0x00000014   Zero   RW          430    .bss                c_w.l(rt_locale.o)
    0x2000001c        -       0x00000020   Zero   RW           41    .bss.block_lines    cache.o
    0x2000003c        -       0x00000004   Zero   RW           42    .bss.hit_miss       cache.o
    0x20000040        -       0x00002000   Zero   RW           74    STACK               startup_ctboard.o


==============================================================================

Image component sizes


      Code (inc. data)   RO Data    RW Data    ZI Data      Debug   Object Name

       554          0        115          0          0       2230   arrays.o
       208          0          0          0         36       1373   cache.o
        40         16          0          0          0        496   datainit_ctboard.o
       218          0         21          0          0       2430   hal_ct_lcd.o
       590          4          0          0          0       3074   hal_fmc.o
       636          0          0          0          0       8223   hal_gpio.o
        12          0          0          0          0       1979   hal_pwr.o
      1168          0          0          0          0       4690   hal_rcc.o
       126          0         38          0          0        881   main.o
       224          0         29          4          0       1707   simulation.o
        36          8        428          0       8192        840   startup_ctboard.o
       712          0          0          0          0       7074   system_ctboard.o

    ----------------------------------------------------------------------
      4550         28        664          4       8232      34997   Object Totals
         0          0         32          0          0          0   (incl. Generated)
        26          0          1          0          4          0   (incl. Padding)

    ----------------------------------------------------------------------

      Code (inc. data)   RO Data    RW Data    ZI Data      Debug   Library Member Name

       392          4         17          0          0         92   __printf_flags_ss_wp.o
        14          0          0          0          0         68   __printf_wp.o
         0          0          0          0          0          0   __rtentry.o
        12          0          0          0          0          0   __rtentry2.o
         6          0          0          0          0          0   __rtentry4.o
        52          8          0          0          0         68   __scatter.o
        26          0          0          0          0          0   __scatter_copy.o
        28          0          0          0          0          0   __scatter_zi.o
        72          0          0          0          0         96   _c16rtomb.o
         6          0          0          0          0          0   _printf_a.o
         6          0          0          0          0          0   _printf_c.o
        44          0          0          0          0        108   _printf_char.o
        48          6          0          0          0         96   _printf_char_common.o
        40          0          0          0          0         68   _printf_charcount.o
         6          0          0          0          0          0   _printf_d.o
       120         16          0          0          0         92   _printf_dec.o
         6          0          0          0          0          0   _printf_e.o
         6          0          0          0          0          0   _printf_f.o
      1052          0          0          0          0        148   _printf_fp_dec.o
       764          8         38          0          0        100   _printf_fp_hex.o
       128         16          0          0          0         84   _printf_fp_infnan.o
         6          0          0          0          0          0   _printf_g.o
       148          4         40          0          0        160   _printf_hex_int_ll_ptr.o
         6          0          0          0          0          0   _printf_i.o
       178          0          0          0          0         88   _printf_intcommon.o
        10          0          0          0          0          0   _printf_l.o
         6          0          0          0          0          0   _printf_lc.o
        10          0          0          0          0          0   _printf_ll.o
         6          0          0          0          0          0   _printf_lld.o
         6          0          0          0          0          0   _printf_lli.o
         6          0          0          0          0          0   _printf_llo.o
         6          0          0          0          0          0   _printf_llu.o
         6          0          0          0          0          0   _printf_llx.o
       124         16          0          0          0         92   _printf_longlong_dec.o
         6          0          0          0          0          0   _printf_ls.o
         6          0          0          0          0          0   _printf_n.o
         6          0          0          0          0          0   _printf_o.o
       112          8          0          0          0        124   _printf_oct_int_ll.o
         6          0          0          0          0          0   _printf_p.o
        78          0          0          0          0        108   _printf_pad.o
         0          0          0          0          0          0   _printf_percent.o
         4          0          0          0          0          0   _printf_percent_end.o
         6          0          0          0          0          0   _printf_s.o
        82          0          0          0          0         80   _printf_str.o
        36          0          0          0          0         84   _printf_truncate.o
         6          0          0          0          0          0   _printf_u.o
        44          0          0          0          0        108   _printf_wchar.o
       188          6          8          0          0         92   _printf_wctomb.o
         6          0          0          0          0          0   _printf_x.o
        10          0          0          0          0         68   _sputc.o
       228          4        148          0          0         96   bigflt0.o
      1936        128          0          0          0        668   btod.o
        18          0          0          0          0         80   exit.o
         0          0          0          0          0          0   indicate_semi.o
        44         10        272          0          0         76   lc_ctype_c.o
        44         10         28          0          0         76   lc_numeric_c.o
         2          0          0          0          0          0   libinit.o
        34          0          0          0          0          0   libinit2.o
         2          0          0          0          0          0   libshutdown.o
         2          0          0          0          0          0   libshutdown2.o
       138          0          0          0          0         80   lludiv10.o
        16          4          0          0          0         76   rt_ctype_table.o
         8          4          0          0         20         68   rt_locale.o
         2          0          0          0          0          0   rtexit.o
        10          0          0          0          0          0   rtexit2.o
        44          6          0          0          0         84   sprintf.o
        24          0          0          0          0         68   strcat.o
       124          0          0          0          0         88   strcmpv7em.o
        12          4          0          0          0         68   sys_exit.o
         2          0          0          0          0         68   use_no_semi.o
        26          0          0          0          0        116   fpinit.o
         4          0          0          0          0        116   printf1.o
         4          0          0          0          0        116   printf2.o
         0          0          0          0          0          0   usenofp.o
        48          0          0          0          0        124   fpclassify.o

    ----------------------------------------------------------------------
      6730        262        552          0         20       4092   Library Totals
        16          0          1          0          0          0   (incl. Padding)

    ----------------------------------------------------------------------

      Code (inc. data)   RO Data    RW Data    ZI Data      Debug   Library Name

      6632        262        551          0         20       3620   c_w.l
        34          0          0          0          0        348   fz_wm.l
        48          0          0          0          0        124   m_wm.l

    ----------------------------------------------------------------------
      6730        262        552          0         20       4092   Library Totals

    ----------------------------------------------------------------------

==============================================================================


      Code (inc. data)   RO Data    RW Data    ZI Data      Debug   

     11280        290       1216          4       8252      36617   Grand Totals
     11280        290       1216          4       8252      36617   ELF Image Totals
     11280        290       1216          4          0          0   ROM Totals

==============================================================================

    Total RO  Size (Code + RO Data)                12496 (  12.20kB)
    Total RW  Size (RW Data + ZI Data)              8256 (   8.06kB)
    Total ROM Size (Code + RO Data + RW Data)      12500 (  12.21kB)

==============================================================================

